Archive member included to satisfy reference by file (symbol)

/opt/st/stm32cubeide_1.9.0/plugins/com.st.stm32cube.ide.mcu.externaltools.gnu-tools-for-stm32.10.3-2021.10.linux64_1.0.0.202111181127/tools/bin/../lib/gcc/arm-none-eabi/10.3.1/../../../../arm-none-eabi/lib/thumb/v7-m/nofp/libstdc++_nano.a(pure.o)
                              ./Core/Src/mainpp.o (__cxa_pure_virtual)
/opt/st/stm32cubeide_1.9.0/plugins/com.st.stm32cube.ide.mcu.externaltools.gnu-tools-for-stm32.10.3-2021.10.linux64_1.0.0.202111181127/tools/bin/../lib/gcc/arm-none-eabi/10.3.1/../../../../arm-none-eabi/lib/thumb/v7-m/nofp/libstdc++_nano.a(eh_terminate.o)
                              /opt/st/stm32cubeide_1.9.0/plugins/com.st.stm32cube.ide.mcu.externaltools.gnu-tools-for-stm32.10.3-2021.10.linux64_1.0.0.202111181127/tools/bin/../lib/gcc/arm-none-eabi/10.3.1/../../../../arm-none-eabi/lib/thumb/v7-m/nofp/libstdc++_nano.a(pure.o) (std::terminate())
/opt/st/stm32cubeide_1.9.0/plugins/com.st.stm32cube.ide.mcu.externaltools.gnu-tools-for-stm32.10.3-2021.10.linux64_1.0.0.202111181127/tools/bin/../lib/gcc/arm-none-eabi/10.3.1/../../../../arm-none-eabi/lib/thumb/v7-m/nofp/libstdc++_nano.a(eh_unex_handler.o)
                              /opt/st/stm32cubeide_1.9.0/plugins/com.st.stm32cube.ide.mcu.externaltools.gnu-tools-for-stm32.10.3-2021.10.linux64_1.0.0.202111181127/tools/bin/../lib/gcc/arm-none-eabi/10.3.1/../../../../arm-none-eabi/lib/thumb/v7-m/nofp/libstdc++_nano.a(eh_terminate.o) (__cxxabiv1::__unexpected_handler)
/opt/st/stm32cubeide_1.9.0/plugins/com.st.stm32cube.ide.mcu.externaltools.gnu-tools-for-stm32.10.3-2021.10.linux64_1.0.0.202111181127/tools/bin/../lib/gcc/arm-none-eabi/10.3.1/../../../../arm-none-eabi/lib/thumb/v7-m/nofp/libstdc++_nano.a(eh_term_handler.o)
                              /opt/st/stm32cubeide_1.9.0/plugins/com.st.stm32cube.ide.mcu.externaltools.gnu-tools-for-stm32.10.3-2021.10.linux64_1.0.0.202111181127/tools/bin/../lib/gcc/arm-none-eabi/10.3.1/../../../../arm-none-eabi/lib/thumb/v7-m/nofp/libstdc++_nano.a(eh_terminate.o) (__cxxabiv1::__terminate_handler)
/opt/st/stm32cubeide_1.9.0/plugins/com.st.stm32cube.ide.mcu.externaltools.gnu-tools-for-stm32.10.3-2021.10.linux64_1.0.0.202111181127/tools/bin/../lib/gcc/arm-none-eabi/10.3.1/../../../../arm-none-eabi/lib/thumb/v7-m/nofp/libc_nano.a(lib_a-abort.o)
                              /opt/st/stm32cubeide_1.9.0/plugins/com.st.stm32cube.ide.mcu.externaltools.gnu-tools-for-stm32.10.3-2021.10.linux64_1.0.0.202111181127/tools/bin/../lib/gcc/arm-none-eabi/10.3.1/../../../../arm-none-eabi/lib/thumb/v7-m/nofp/libstdc++_nano.a(eh_terminate.o) (abort)
/opt/st/stm32cubeide_1.9.0/plugins/com.st.stm32cube.ide.mcu.externaltools.gnu-tools-for-stm32.10.3-2021.10.linux64_1.0.0.202111181127/tools/bin/../lib/gcc/arm-none-eabi/10.3.1/../../../../arm-none-eabi/lib/thumb/v7-m/nofp/libc_nano.a(lib_a-errno.o)
                              ./Core/Src/syscalls.o (__errno)
/opt/st/stm32cubeide_1.9.0/plugins/com.st.stm32cube.ide.mcu.externaltools.gnu-tools-for-stm32.10.3-2021.10.linux64_1.0.0.202111181127/tools/bin/../lib/gcc/arm-none-eabi/10.3.1/../../../../arm-none-eabi/lib/thumb/v7-m/nofp/libc_nano.a(lib_a-exit.o)
                              /opt/st/stm32cubeide_1.9.0/plugins/com.st.stm32cube.ide.mcu.externaltools.gnu-tools-for-stm32.10.3-2021.10.linux64_1.0.0.202111181127/tools/bin/../lib/gcc/arm-none-eabi/10.3.1/../../../../arm-none-eabi/lib/thumb/v7-m/nofp/crt0.o (exit)
/opt/st/stm32cubeide_1.9.0/plugins/com.st.stm32cube.ide.mcu.externaltools.gnu-tools-for-stm32.10.3-2021.10.linux64_1.0.0.202111181127/tools/bin/../lib/gcc/arm-none-eabi/10.3.1/../../../../arm-none-eabi/lib/thumb/v7-m/nofp/libc_nano.a(lib_a-impure.o)
                              /opt/st/stm32cubeide_1.9.0/plugins/com.st.stm32cube.ide.mcu.externaltools.gnu-tools-for-stm32.10.3-2021.10.linux64_1.0.0.202111181127/tools/bin/../lib/gcc/arm-none-eabi/10.3.1/../../../../arm-none-eabi/lib/thumb/v7-m/nofp/libc_nano.a(lib_a-exit.o) (_global_impure_ptr)
/opt/st/stm32cubeide_1.9.0/plugins/com.st.stm32cube.ide.mcu.externaltools.gnu-tools-for-stm32.10.3-2021.10.linux64_1.0.0.202111181127/tools/bin/../lib/gcc/arm-none-eabi/10.3.1/../../../../arm-none-eabi/lib/thumb/v7-m/nofp/libc_nano.a(lib_a-init.o)
                              /opt/st/stm32cubeide_1.9.0/plugins/com.st.stm32cube.ide.mcu.externaltools.gnu-tools-for-stm32.10.3-2021.10.linux64_1.0.0.202111181127/tools/bin/../lib/gcc/arm-none-eabi/10.3.1/../../../../arm-none-eabi/lib/thumb/v7-m/nofp/crt0.o (__libc_init_array)
/opt/st/stm32cubeide_1.9.0/plugins/com.st.stm32cube.ide.mcu.externaltools.gnu-tools-for-stm32.10.3-2021.10.linux64_1.0.0.202111181127/tools/bin/../lib/gcc/arm-none-eabi/10.3.1/../../../../arm-none-eabi/lib/thumb/v7-m/nofp/libc_nano.a(lib_a-memcpy-stub.o)
                              ./Core/Src/mainpp.o (memcpy)
[...]
Memory Configuration

Name             Origin             Length             Attributes
RAM              0x0000000020000000 0x0000000000005000 xrw
FLASH            0x0000000008000000 0x0000000000010000 xr
*default*        0x0000000000000000 0xffffffffffffffff

Linker script and memory map

LOAD /opt/st/stm32cubeide_1.9.0/plugins/com.st.stm32cube.ide.mcu.externaltools.gnu-tools-for-stm32.10.3-2021.10.linux64_1.0.0.202111181127/tools/bin/../lib/gcc/arm-none-eabi/10.3.1/thumb/v7-m/nofp/crti.o
LOAD /opt/st/stm32cubeide_1.9.0/plugins/com.st.stm32cube.ide.mcu.externaltools.gnu-tools-for-stm32.10.3-2021.10.linux64_1.0.0.202111181127/tools/bin/../lib/gcc/arm-none-eabi/10.3.1/thumb/v7-m/nofp/crtbegin.o
LOAD /opt/st/stm32cubeide_1.9.0/plugins/com.st.stm32cube.ide.mcu.externaltools.gnu-tools-for-stm32.10.3-2021.10.linux64_1.0.0.202111181127/tools/bin/../lib/gcc/arm-none-eabi/10.3.1/../../../../arm-none-eabi/lib/thumb/v7-m/nofp/crt0.o
LOAD ./Core/Src/duration.o
LOAD ./Core/Src/main.o
LOAD ./Core/Src/mainpp.o
LOAD ./Core/Src/stm32f1xx_hal_msp.o
LOAD ./Core/Src/stm32f1xx_it.o
LOAD ./Core/Src/syscalls.o
LOAD ./Core/Src/sysmem.o
LOAD ./Core/Src/system_stm32f1xx.o
LOAD ./Core/Src/time.o
LOAD ./Core/Startup/startup_stm32f103c8tx.o
LOAD ./Drivers/STM32F1xx_HAL_Driver/Src/stm32f1xx_hal.o
LOAD ./Drivers/STM32F1xx_HAL_Driver/Src/stm32f1xx_hal_cortex.o
LOAD ./Drivers/STM32F1xx_HAL_Driver/Src/stm32f1xx_hal_dma.o
LOAD ./Drivers/STM32F1xx_HAL_Driver/Src/stm32f1xx_hal_exti.o
LOAD ./Drivers/STM32F1xx_HAL_Driver/Src/stm32f1xx_hal_flash.o
LOAD ./Drivers/STM32F1xx_HAL_Driver/Src/stm32f1xx_hal_flash_ex.o
LOAD ./Drivers/STM32F1xx_HAL_Driver/Src/stm32f1xx_hal_gpio.o
LOAD ./Drivers/STM32F1xx_HAL_Driver/Src/stm32f1xx_hal_gpio_ex.o
LOAD ./Drivers/STM32F1xx_HAL_Driver/Src/stm32f1xx_hal_pwr.o
LOAD ./Drivers/STM32F1xx_HAL_Driver/Src/stm32f1xx_hal_rcc.o
LOAD ./Drivers/STM32F1xx_HAL_Driver/Src/stm32f1xx_hal_rcc_ex.o
LOAD ./Drivers/STM32F1xx_HAL_Driver/Src/stm32f1xx_hal_tim.o
LOAD ./Drivers/STM32F1xx_HAL_Driver/Src/stm32f1xx_hal_tim_ex.o
LOAD ./Drivers/STM32F1xx_HAL_Driver/Src/stm32f1xx_hal_uart.o
START GROUP
LOAD /opt/st/stm32cubeide_1.9.0/plugins/com.st.stm32cube.ide.mcu.externaltools.gnu-tools-for-stm32.10.3-2021.10.linux64_1.0.0.202111181127/tools/bin/../lib/gcc/arm-none-eabi/10.3.1/../../../../arm-none-eabi/lib/thumb/v7-m/nofp/libstdc++_nano.a
LOAD /opt/st/stm32cubeide_1.9.0/plugins/com.st.stm32cube.ide.mcu.externaltools.gnu-tools-for-stm32.10.3-2021.10.linux64_1.0.0.202111181127/tools/bin/../lib/gcc/arm-none-eabi/10.3.1/../../../../arm-none-eabi/lib/thumb/v7-m/nofp/libsupc++_nano.a
END GROUP
LOAD /opt/st/stm32cubeide_1.9.0/plugins/com.st.stm32cube.ide.mcu.externaltools.gnu-tools-for-stm32.10.3-2021.10.linux64_1.0.0.202111181127/tools/bin/../lib/gcc/arm-none-eabi/10.3.1/../../../../arm-none-eabi/lib/thumb/v7-m/nofp/libstdc++_nano.a
LOAD /opt/st/stm32cubeide_1.9.0/plugins/com.st.stm32cube.ide.mcu.externaltools.gnu-tools-for-stm32.10.3-2021.10.linux64_1.0.0.202111181127/tools/bin/../lib/gcc/arm-none-eabi/10.3.1/../../../../arm-none-eabi/lib/thumb/v7-m/nofp/libm.a
LOAD /opt/st/stm32cubeide_1.9.0/plugins/com.st.stm32cube.ide.mcu.externaltools.gnu-tools-for-stm32.10.3-2021.10.linux64_1.0.0.202111181127/tools/bin/../lib/gcc/arm-none-eabi/10.3.1/../../../../arm-none-eabi/lib/thumb/v7-m/nofp/libc_nano.a
START GROUP
LOAD /opt/st/stm32cubeide_1.9.0/plugins/com.st.stm32cube.ide.mcu.externaltools.gnu-tools-for-stm32.10.3-2021.10.linux64_1.0.0.202111181127/tools/bin/../lib/gcc/arm-none-eabi/10.3.1/thumb/v7-m/nofp/libgcc.a
LOAD /opt/st/stm32cubeide_1.9.0/plugins/com.st.stm32cube.ide.mcu.externaltools.gnu-tools-for-stm32.10.3-2021.10.linux64_1.0.0.202111181127/tools/bin/../lib/gcc/arm-none-eabi/10.3.1/../../../../arm-none-eabi/lib/thumb/v7-m/nofp/libc_nano.a
END GROUP
START GROUP
LOAD /opt/st/stm32cubeide_1.9.0/plugins/com.st.stm32cube.ide.mcu.externaltools.gnu-tools-for-stm32.10.3-2021.10.linux64_1.0.0.202111181127/tools/bin/../lib/gcc/arm-none-eabi/10.3.1/thumb/v7-m/nofp/libgcc.a
LOAD /opt/st/stm32cubeide_1.9.0/plugins/com.st.stm32cube.ide.mcu.externaltools.gnu-tools-for-stm32.10.3-2021.10.linux64_1.0.0.202111181127/tools/bin/../lib/gcc/arm-none-eabi/10.3.1/../../../../arm-none-eabi/lib/thumb/v7-m/nofp/libc_nano.a
END GROUP
LOAD /opt/st/stm32cubeide_1.9.0/plugins/com.st.stm32cube.ide.mcu.externaltools.gnu-tools-for-stm32.10.3-2021.10.linux64_1.0.0.202111181127/tools/bin/../lib/gcc/arm-none-eabi/10.3.1/thumb/v7-m/nofp/crtend.o
LOAD /opt/st/stm32cubeide_1.9.0/plugins/com.st.stm32cube.ide.mcu.externaltools.gnu-tools-for-stm32.10.3-2021.10.linux64_1.0.0.202111181127/tools/bin/../lib/gcc/arm-none-eabi/10.3.1/thumb/v7-m/nofp/crtn.o
                0x0000000020005000                _estack = (ORIGIN (RAM) + LENGTH (RAM))
                0x0000000000000200                _Min_Heap_Size = 0x200
                0x0000000000000400                _Min_Stack_Size = 0x400

.isr_vector     0x0000000008000000      0x10c
                0x0000000008000000                . = ALIGN (0x4)
 *(.isr_vector)
 .isr_vector    0x0000000008000000      0x10c ./Core/Startup/startup_stm32f103c8tx.o
                0x0000000008000000                g_pfnVectors
                0x000000000800010c                . = ALIGN (0x4)

.text           0x000000000800010c     0x45e8
                0x000000000800010c                . = ALIGN (0x4)
 *(.text)
 .text          0x000000000800010c       0x40 /opt/st/stm32cubeide_1.9.0/plugins/com.st.stm32cube.ide.mcu.externaltools.gnu-tools-for-stm32.10.3-2021.10.linux64_1.0.0.202111181127/tools/bin/../lib/gcc/arm-none-eabi/10.3.1/thumb/v7-m/nofp/crtbegin.o
 .text          0x000000000800014c       0x10 /opt/st/stm32cubeide_1.9.0/plugins/com.st.stm32cube.ide.mcu.externaltools.gnu-tools-for-stm32.10.3-2021.10.linux64_1.0.0.202111181127/tools/bin/../lib/gcc/arm-none-eabi/10.3.1/../../../../arm-none-eabi/lib/thumb/v7-m/nofp/libc_nano.a(lib_a-strlen.o)
                0x000000000800014c                strlen
 *(.text*)
 .text.main     0x000000000800015c       0x22 ./Core/Src/main.o
                0x000000000800015c                main
 .text._Z18SystemClock_Configv
                0x000000000800017e       0x8a ./Core/Src/main.o
                0x000000000800017e                SystemClock_Config()
 .text._ZL19MX_USART1_UART_Initv
                0x0000000008000208       0x5c ./Core/Src/main.o
 .text._ZL11MX_DMA_Initv
                0x0000000008000264       0x4c ./Core/Src/main.o
 .text._ZL12MX_GPIO_Initv
                0x00000000080002b0       0x98 ./Core/Src/main.o
 .text.Error_Handler
                0x0000000008000348        0xa ./Core/Src/main.o
                0x0000000008000348                Error_Handler
 .text._ZN3ros4TimeC2Ev
                0x0000000008000352       0x20 ./Core/Src/mainpp.o
                0x0000000008000352                ros::Time::Time()
                0x0000000008000352                ros::Time::Time()
 *fill*         0x0000000008000372        0x2 
 .text._ZN3ros3MsgC2Ev
                0x0000000008000374       0x20 ./Core/Src/mainpp.o
                0x0000000008000374                ros::Msg::Msg()
                0x0000000008000374                ros::Msg::Msg()
 .text._ZN8std_msgs4TimeC2Ev
                0x0000000008000394       0x30 ./Core/Src/mainpp.o
                0x0000000008000394                std_msgs::Time::Time()
                0x0000000008000394                std_msgs::Time::Time()
 .text._ZNK8std_msgs4Time9serializeEPh
                0x00000000080003c4       0xae ./Core/Src/mainpp.o
                0x00000000080003c4                std_msgs::Time::serialize(unsigned char*) const
 .text._ZN8std_msgs4Time11deserializeEPh
                0x0000000008000472       0xc6 ./Core/Src/mainpp.o
                0x0000000008000472                std_msgs::Time::deserialize(unsigned char*)
 .text._ZN8std_msgs4Time7getTypeEv
                0x0000000008000538       0x18 ./Core/Src/mainpp.o
                0x0000000008000538                std_msgs::Time::getType()
 .text._ZN8std_msgs4Time6getMD5Ev
                0x0000000008000550       0x18 ./Core/Src/mainpp.o
                0x0000000008000550                std_msgs::Time::getMD5()
 .text._ZN14rosserial_msgs9TopicInfoC2Ev
                0x0000000008000568       0x48 ./Core/Src/mainpp.o
                0x0000000008000568                rosserial_msgs::TopicInfo::TopicInfo()
                0x0000000008000568                rosserial_msgs::TopicInfo::TopicInfo()
 .text._ZNK14rosserial_msgs9TopicInfo9serializeEPh
                0x00000000080005b0      0x136 ./Core/Src/mainpp.o
                0x00000000080005b0                rosserial_msgs::TopicInfo::serialize(unsigned char*) const
 .text._ZN14rosserial_msgs9TopicInfo11deserializeEPh
                0x00000000080006e6      0x1d0 ./Core/Src/mainpp.o
                0x00000000080006e6                rosserial_msgs::TopicInfo::deserialize(unsigned char*)
 *fill*         0x00000000080008b6        0x2 
 .text._ZN14rosserial_msgs9TopicInfo7getTypeEv
                0x00000000080008b8       0x18 ./Core/Src/mainpp.o
                0x00000000080008b8                rosserial_msgs::TopicInfo::getType()
 .text._ZN14rosserial_msgs9TopicInfo6getMD5Ev
                0x00000000080008d0       0x18 ./Core/Src/mainpp.o
                0x00000000080008d0                rosserial_msgs::TopicInfo::getMD5()
 .text._ZN14rosserial_msgs3LogC2Ev
                0x00000000080008e8       0x34 ./Core/Src/mainpp.o
                0x00000000080008e8                rosserial_msgs::Log::Log()
                0x00000000080008e8                rosserial_msgs::Log::Log()
 .text._ZNK14rosserial_msgs3Log9serializeEPh
                0x000000000800091c       0x64 ./Core/Src/mainpp.o
                0x000000000800091c                rosserial_msgs::Log::serialize(unsigned char*) const
 .text._ZN14rosserial_msgs3Log11deserializeEPh
                0x0000000008000980       0x90 ./Core/Src/mainpp.o
                0x0000000008000980                rosserial_msgs::Log::deserialize(unsigned char*)
 .text._ZN14rosserial_msgs3Log7getTypeEv
                0x0000000008000a10       0x18 ./Core/Src/mainpp.o
                0x0000000008000a10                rosserial_msgs::Log::getType()
 .text._ZN14rosserial_msgs3Log6getMD5Ev
                0x0000000008000a28       0x18 ./Core/Src/mainpp.o
                0x0000000008000a28                rosserial_msgs::Log::getMD5()
 .text._ZN14rosserial_msgs20RequestParamResponseC2Ev
                0x0000000008000a40       0x5c ./Core/Src/mainpp.o
                0x0000000008000a40                rosserial_msgs::RequestParamResponse::RequestParamResponse()
                0x0000000008000a40                rosserial_msgs::RequestParamResponse::RequestParamResponse()
 .text._ZNK14rosserial_msgs20RequestParamResponse9serializeEPh
                0x0000000008000a9c      0x222 ./Core/Src/mainpp.o
                0x0000000008000a9c                rosserial_msgs::RequestParamResponse::serialize(unsigned char*) const
 .text._ZN14rosserial_msgs20RequestParamResponse11deserializeEPh
                0x0000000008000cbe      0x2e2 ./Core/Src/mainpp.o
                0x0000000008000cbe                rosserial_msgs::RequestParamResponse::deserialize(unsigned char*)
 .text._ZN14rosserial_msgs20RequestParamResponse7getTypeEv
                0x0000000008000fa0       0x18 ./Core/Src/mainpp.o
                0x0000000008000fa0                rosserial_msgs::RequestParamResponse::getType()
 .text._ZN14rosserial_msgs20RequestParamResponse6getMD5Ev
                0x0000000008000fb8       0x18 ./Core/Src/mainpp.o
                0x0000000008000fb8                rosserial_msgs::RequestParamResponse::getMD5()
 .text._ZN3ros9PublisherC2EPKcPNS_3MsgEi
                0x0000000008000fd0       0x2c ./Core/Src/mainpp.o
                0x0000000008000fd0                ros::Publisher::Publisher(char const*, ros::Msg*, int)
                0x0000000008000fd0                ros::Publisher::Publisher(char const*, ros::Msg*, int)
 .text._ZN3ros9Publisher7publishEPKNS_3MsgE
                0x0000000008000ffc       0x28 ./Core/Src/mainpp.o
                0x0000000008000ffc                ros::Publisher::publish(ros::Msg const*)
 .text._ZN3ros9Publisher15getEndpointTypeEv
                0x0000000008001024       0x16 ./Core/Src/mainpp.o
                0x0000000008001024                ros::Publisher::getEndpointType()
 .text._ZN13STM32Hardware10getRdmaIndEv
                0x000000000800103a       0x24 ./Core/Src/mainpp.o
                0x000000000800103a                STM32Hardware::getRdmaInd()
 *fill*         0x000000000800105e        0x2 
 .text._ZN13STM32HardwareC2Ev
                0x0000000008001060       0x38 ./Core/Src/mainpp.o
                0x0000000008001060                STM32Hardware::STM32Hardware()
                0x0000000008001060                STM32Hardware::STM32Hardware()
 .text._ZN13STM32Hardware4initEv
                0x0000000008001098       0x16 ./Core/Src/mainpp.o
                0x0000000008001098                STM32Hardware::init()
 .text._ZN13STM32Hardware10reset_rbufEv
                0x00000000080010ae       0x22 ./Core/Src/mainpp.o
                0x00000000080010ae                STM32Hardware::reset_rbuf()
 .text._ZN13STM32Hardware4readEv
                0x00000000080010d0       0x5a ./Core/Src/mainpp.o
                0x00000000080010d0                STM32Hardware::read()
 *fill*         0x000000000800112a        0x2 
 .text._ZN13STM32Hardware5flushEv
                0x000000000800112c       0xbc ./Core/Src/mainpp.o
                0x000000000800112c                STM32Hardware::flush()
 .text._ZN13STM32Hardware5writeEPhi
                0x00000000080011e8       0x8c ./Core/Src/mainpp.o
                0x00000000080011e8                STM32Hardware::write(unsigned char*, int)
 .text._ZN13STM32Hardware4timeEv
                0x0000000008001274       0x16 ./Core/Src/mainpp.o
                0x0000000008001274                STM32Hardware::time()
 *fill*         0x000000000800128a        0x2 
 .text._ZN8std_msgs6StringC2Ev
                0x000000000800128c       0x30 ./Core/Src/mainpp.o
                0x000000000800128c                std_msgs::String::String()
                0x000000000800128c                std_msgs::String::String()
 .text._ZNK8std_msgs6String9serializeEPh
                0x00000000080012bc       0x52 ./Core/Src/mainpp.o
                0x00000000080012bc                std_msgs::String::serialize(unsigned char*) const
 .text._ZN8std_msgs6String11deserializeEPh
                0x000000000800130e       0x7e ./Core/Src/mainpp.o
                0x000000000800130e                std_msgs::String::deserialize(unsigned char*)
 .text._ZN8std_msgs6String7getTypeEv
                0x000000000800138c       0x18 ./Core/Src/mainpp.o
                0x000000000800138c                std_msgs::String::getType()
 .text._ZN8std_msgs6String6getMD5Ev
                0x00000000080013a4       0x18 ./Core/Src/mainpp.o
                0x00000000080013a4                std_msgs::String::getMD5()
 .text._ZN3ros15NodeHandleBase_C2Ev
                0x00000000080013bc       0x20 ./Core/Src/mainpp.o
                0x00000000080013bc                ros::NodeHandleBase_::NodeHandleBase_()
                0x00000000080013bc                ros::NodeHandleBase_::NodeHandleBase_()
 .text._ZN3ros11NodeHandle_I13STM32HardwareLi25ELi25ELi512ELi512EEC2Ev
                0x00000000080013dc       0xf0 ./Core/Src/mainpp.o
                0x00000000080013dc                ros::NodeHandle_<STM32Hardware, 25, 25, 512, 512>::NodeHandle_()
                0x00000000080013dc                ros::NodeHandle_<STM32Hardware, 25, 25, 512, 512>::NodeHandle_()
 .text.HAL_UART_TxCpltCallback
                0x00000000080014cc       0x24 ./Core/Src/mainpp.o
                0x00000000080014cc                HAL_UART_TxCpltCallback
 .text.HAL_UART_RxCpltCallback
                0x00000000080014f0       0x24 ./Core/Src/mainpp.o
                0x00000000080014f0                HAL_UART_RxCpltCallback
 .text.setup    0x0000000008001514       0x20 ./Core/Src/mainpp.o
                0x0000000008001514                setup
 .text.loop     0x0000000008001534       0x44 ./Core/Src/mainpp.o
                0x0000000008001534                loop
 .text._ZN3ros3Msg8varToArrIPhmEEvT_T0_
                0x0000000008001578       0x3a ./Core/Src/mainpp.o
                0x0000000008001578                void ros::Msg::varToArr<unsigned char*, unsigned long>(unsigned char*, unsigned long)
 .text._ZN3ros3Msg8arrToVarImPhEEvRT_T0_
                0x00000000080015b2       0x48 ./Core/Src/mainpp.o
                0x00000000080015b2                void ros::Msg::arrToVar<unsigned long, unsigned char*>(unsigned long&, unsigned char*)
 .text._ZN3ros11NodeHandle_I13STM32HardwareLi25ELi25ELi512ELi512EE11getHardwareEv
                0x00000000080015fa       0x16 ./Core/Src/mainpp.o
                0x00000000080015fa                ros::NodeHandle_<STM32Hardware, 25, 25, 512, 512>::getHardware()
 .text._ZN3ros11NodeHandle_I13STM32HardwareLi25ELi25ELi512ELi512EE8initNodeEv
                0x0000000008001610       0x3a ./Core/Src/mainpp.o
                0x0000000008001610                ros::NodeHandle_<STM32Hardware, 25, 25, 512, 512>::initNode()
 .text._ZN3ros11NodeHandle_I13STM32HardwareLi25ELi25ELi512ELi512EE9advertiseERNS_9PublisherE
                0x000000000800164a       0x5e ./Core/Src/mainpp.o
                0x000000000800164a                ros::NodeHandle_<STM32Hardware, 25, 25, 512, 512>::advertise(ros::Publisher&)
 .text._ZN3ros11NodeHandle_I13STM32HardwareLi25ELi25ELi512ELi512EE8spinOnceEv
                0x00000000080016a8      0x3dc ./Core/Src/mainpp.o
                0x00000000080016a8                ros::NodeHandle_<STM32Hardware, 25, 25, 512, 512>::spinOnce()
 .text._ZN3ros11NodeHandle_I13STM32HardwareLi25ELi25ELi512ELi512EE15requestSyncTimeEv
                0x0000000008001a84       0x3c ./Core/Src/mainpp.o
                0x0000000008001a84                ros::NodeHandle_<STM32Hardware, 25, 25, 512, 512>::requestSyncTime()
 .text._ZN3ros11NodeHandle_I13STM32HardwareLi25ELi25ELi512ELi512EE15negotiateTopicsEv
                0x0000000008001ac0      0x1be ./Core/Src/mainpp.o
                0x0000000008001ac0                ros::NodeHandle_<STM32Hardware, 25, 25, 512, 512>::negotiateTopics()
 *fill*         0x0000000008001c7e        0x2 
 .text._ZN3ros11NodeHandle_I13STM32HardwareLi25ELi25ELi512ELi512EE8syncTimeEPh
                0x0000000008001c80       0x98 ./Core/Src/mainpp.o
                0x0000000008001c80                ros::NodeHandle_<STM32Hardware, 25, 25, 512, 512>::syncTime(unsigned char*)
 .text._ZN3ros11NodeHandle_I13STM32HardwareLi25ELi25ELi512ELi512EE7publishEiPKNS_3MsgE
                0x0000000008001d18      0x128 ./Core/Src/mainpp.o
                0x0000000008001d18                ros::NodeHandle_<STM32Hardware, 25, 25, 512, 512>::publish(int, ros::Msg const*)
 .text._ZN3ros11NodeHandle_I13STM32HardwareLi25ELi25ELi512ELi512EE6setNowERKNS_4TimeE
                0x0000000008001e40       0x80 ./Core/Src/mainpp.o
                0x0000000008001e40                ros::NodeHandle_<STM32Hardware, 25, 25, 512, 512>::setNow(ros::Time const&)
 .text._ZN3ros11NodeHandle_I13STM32HardwareLi25ELi25ELi512ELi512EE8logerrorEPKc
                0x0000000008001ec0       0x1c ./Core/Src/mainpp.o
                0x0000000008001ec0                ros::NodeHandle_<STM32Hardware, 25, 25, 512, 512>::logerror(char const*)
 .text._ZN3ros11NodeHandle_I13STM32HardwareLi25ELi25ELi512ELi512EE3logEcPKc
                0x0000000008001edc       0x38 ./Core/Src/mainpp.o
                0x0000000008001edc                ros::NodeHandle_<STM32Hardware, 25, 25, 512, 512>::log(char, char const*)
 .text._Z41__static_initialization_and_destruction_0ii
                0x0000000008001f14       0x4c ./Core/Src/mainpp.o
 .text._ZN3ros11NodeHandle_I13STM32HardwareLi25ELi25ELi512ELi512EE9connectedEv
                0x0000000008001f60       0x18 ./Core/Src/mainpp.o
                0x0000000008001f60                ros::NodeHandle_<STM32Hardware, 25, 25, 512, 512>::connected()
 .text._GLOBAL__sub_I_nh
                0x0000000008001f78       0x10 ./Core/Src/mainpp.o
 .text.HAL_MspInit
                0x0000000008001f88       0x64 ./Core/Src/stm32f1xx_hal_msp.o
                0x0000000008001f88                HAL_MspInit
 .text.HAL_UART_MspInit
                0x0000000008001fec      0x158 ./Core/Src/stm32f1xx_hal_msp.o
                0x0000000008001fec                HAL_UART_MspInit
 .text.NMI_Handler
                0x0000000008002144        0x6 ./Core/Src/stm32f1xx_it.o
                0x0000000008002144                NMI_Handler
 .text.HardFault_Handler
                0x000000000800214a        0x6 ./Core/Src/stm32f1xx_it.o
                0x000000000800214a                HardFault_Handler
 .text.MemManage_Handler
                0x0000000008002150        0x6 ./Core/Src/stm32f1xx_it.o
                0x0000000008002150                MemManage_Handler
 .text.BusFault_Handler
                0x0000000008002156        0x6 ./Core/Src/stm32f1xx_it.o
                0x0000000008002156                BusFault_Handler
 .text.UsageFault_Handler
                0x000000000800215c        0x6 ./Core/Src/stm32f1xx_it.o
                0x000000000800215c                UsageFault_Handler
 .text.SVC_Handler
                0x0000000008002162        0xc ./Core/Src/stm32f1xx_it.o
                0x0000000008002162                SVC_Handler
 .text.DebugMon_Handler
                0x000000000800216e        0xc ./Core/Src/stm32f1xx_it.o
                0x000000000800216e                DebugMon_Handler
 .text.PendSV_Handler
                0x000000000800217a        0xc ./Core/Src/stm32f1xx_it.o
                0x000000000800217a                PendSV_Handler
 .text.SysTick_Handler
                0x0000000008002186        0xc ./Core/Src/stm32f1xx_it.o
                0x0000000008002186                SysTick_Handler
 *fill*         0x0000000008002192        0x2 
 .text.DMA1_Channel4_IRQHandler
                0x0000000008002194       0x14 ./Core/Src/stm32f1xx_it.o
                0x0000000008002194                DMA1_Channel4_IRQHandler
 .text.DMA1_Channel5_IRQHandler
                0x00000000080021a8       0x14 ./Core/Src/stm32f1xx_it.o
                0x00000000080021a8                DMA1_Channel5_IRQHandler
 .text.USART1_IRQHandler
                0x00000000080021bc       0x14 ./Core/Src/stm32f1xx_it.o
                0x00000000080021bc                USART1_IRQHandler
 .text._getpid  0x00000000080021d0        0xe ./Core/Src/syscalls.o
                0x00000000080021d0                _getpid
 .text._kill    0x00000000080021de       0x20 ./Core/Src/syscalls.o
                0x00000000080021de                _kill
 .text._exit    0x00000000080021fe       0x14 ./Core/Src/syscalls.o
                0x00000000080021fe                _exit
 *fill*         0x0000000008002212        0x2 
 .text._sbrk    0x0000000008002214       0x6c ./Core/Src/sysmem.o
                0x0000000008002214                _sbrk
 .text.SystemInit
                0x0000000008002280        0xc ./Core/Src/system_stm32f1xx.o
                0x0000000008002280                SystemInit
 .text._ZN3ros16normalizeSecNSecERmS0_
                0x000000000800228c       0x58 ./Core/Src/time.o
                0x000000000800228c                ros::normalizeSecNSec(unsigned long&, unsigned long&)
 .text.Reset_Handler
                0x00000000080022e4       0x48 ./Core/Startup/startup_stm32f103c8tx.o
                0x00000000080022e4                Reset_Handler
 .text.Default_Handler
                0x000000000800232c        0x2 ./Core/Startup/startup_stm32f103c8tx.o
                0x000000000800232c                RTC_Alarm_IRQHandler
                0x000000000800232c                EXTI2_IRQHandler
                0x000000000800232c                TIM1_CC_IRQHandler
                0x000000000800232c                PVD_IRQHandler
                0x000000000800232c                EXTI3_IRQHandler
                0x000000000800232c                EXTI0_IRQHandler
                0x000000000800232c                I2C2_EV_IRQHandler
                0x000000000800232c                ADC1_2_IRQHandler
                0x000000000800232c                SPI1_IRQHandler
                0x000000000800232c                TAMPER_IRQHandler
                0x000000000800232c                USART3_IRQHandler
                0x000000000800232c                RTC_IRQHandler
                0x000000000800232c                DMA1_Channel7_IRQHandler
                0x000000000800232c                CAN1_RX1_IRQHandler
                0x000000000800232c                TIM4_IRQHandler
                0x000000000800232c                I2C1_EV_IRQHandler
                0x000000000800232c                DMA1_Channel6_IRQHandler
                0x000000000800232c                TIM3_IRQHandler
                0x000000000800232c                RCC_IRQHandler
                0x000000000800232c                TIM1_TRG_COM_IRQHandler
                0x000000000800232c                DMA1_Channel1_IRQHandler
                0x000000000800232c                Default_Handler
                0x000000000800232c                EXTI15_10_IRQHandler
                0x000000000800232c                EXTI9_5_IRQHandler
                0x000000000800232c                SPI2_IRQHandler
                0x000000000800232c                EXTI4_IRQHandler
                0x000000000800232c                USB_LP_CAN1_RX0_IRQHandler
                0x000000000800232c                USB_HP_CAN1_TX_IRQHandler
                0x000000000800232c                DMA1_Channel3_IRQHandler
                0x000000000800232c                TIM1_UP_IRQHandler
                0x000000000800232c                WWDG_IRQHandler
                0x000000000800232c                TIM2_IRQHandler
                0x000000000800232c                TIM1_BRK_IRQHandler
                0x000000000800232c                EXTI1_IRQHandler
                0x000000000800232c                USART2_IRQHandler
                0x000000000800232c                I2C2_ER_IRQHandler
                0x000000000800232c                DMA1_Channel2_IRQHandler
                0x000000000800232c                CAN1_SCE_IRQHandler
                0x000000000800232c                FLASH_IRQHandler
                0x000000000800232c                I2C1_ER_IRQHandler
                0x000000000800232c                USBWakeUp_IRQHandler
 *fill*         0x000000000800232e        0x2 
 .text.HAL_Init
                0x0000000008002330       0x2c ./Drivers/STM32F1xx_HAL_Driver/Src/stm32f1xx_hal.o
                0x0000000008002330                HAL_Init
 .text.HAL_InitTick
                0x000000000800235c       0x60 ./Drivers/STM32F1xx_HAL_Driver/Src/stm32f1xx_hal.o
                0x000000000800235c                HAL_InitTick
 .text.HAL_IncTick
                0x00000000080023bc       0x24 ./Drivers/STM32F1xx_HAL_Driver/Src/stm32f1xx_hal.o
                0x00000000080023bc                HAL_IncTick
 .text.HAL_GetTick
                0x00000000080023e0       0x14 ./Drivers/STM32F1xx_HAL_Driver/Src/stm32f1xx_hal.o
                0x00000000080023e0                HAL_GetTick
 .text.HAL_Delay
                0x00000000080023f4       0x48 ./Drivers/STM32F1xx_HAL_Driver/Src/stm32f1xx_hal.o
                0x00000000080023f4                HAL_Delay
 .text.__NVIC_SetPriorityGrouping
                0x000000000800243c       0x48 ./Drivers/STM32F1xx_HAL_Driver/Src/stm32f1xx_hal_cortex.o
 .text.__NVIC_GetPriorityGrouping
                0x0000000008002484       0x1c ./Drivers/STM32F1xx_HAL_Driver/Src/stm32f1xx_hal_cortex.o
 .text.__NVIC_EnableIRQ
                0x00000000080024a0       0x38 ./Drivers/STM32F1xx_HAL_Driver/Src/stm32f1xx_hal_cortex.o
 .text.__NVIC_SetPriority
                0x00000000080024d8       0x54 ./Drivers/STM32F1xx_HAL_Driver/Src/stm32f1xx_hal_cortex.o
 .text.NVIC_EncodePriority
                0x000000000800252c       0x64 ./Drivers/STM32F1xx_HAL_Driver/Src/stm32f1xx_hal_cortex.o
 .text.SysTick_Config
                0x0000000008002590       0x44 ./Drivers/STM32F1xx_HAL_Driver/Src/stm32f1xx_hal_cortex.o
 .text.HAL_NVIC_SetPriorityGrouping
                0x00000000080025d4       0x16 ./Drivers/STM32F1xx_HAL_Driver/Src/stm32f1xx_hal_cortex.o
                0x00000000080025d4                HAL_NVIC_SetPriorityGrouping
 .text.HAL_NVIC_SetPriority
                0x00000000080025ea       0x38 ./Drivers/STM32F1xx_HAL_Driver/Src/stm32f1xx_hal_cortex.o
                0x00000000080025ea                HAL_NVIC_SetPriority
 .text.HAL_NVIC_EnableIRQ
                0x0000000008002622       0x1c ./Drivers/STM32F1xx_HAL_Driver/Src/stm32f1xx_hal_cortex.o
                0x0000000008002622                HAL_NVIC_EnableIRQ
 .text.HAL_SYSTICK_Config
                0x000000000800263e       0x18 ./Drivers/STM32F1xx_HAL_Driver/Src/stm32f1xx_hal_cortex.o
                0x000000000800263e                HAL_SYSTICK_Config
 *fill*         0x0000000008002656        0x2 
 .text.HAL_DMA_Init
                0x0000000008002658       0xb4 ./Drivers/STM32F1xx_HAL_Driver/Src/stm32f1xx_hal_dma.o
                0x0000000008002658                HAL_DMA_Init
 .text.HAL_DMA_Start_IT
                0x000000000800270c       0xbe ./Drivers/STM32F1xx_HAL_Driver/Src/stm32f1xx_hal_dma.o
                0x000000000800270c                HAL_DMA_Start_IT
 .text.HAL_DMA_Abort
                0x00000000080027ca       0x74 ./Drivers/STM32F1xx_HAL_Driver/Src/stm32f1xx_hal_dma.o
                0x00000000080027ca                HAL_DMA_Abort
 *fill*         0x000000000800283e        0x2 
 .text.HAL_DMA_Abort_IT
                0x0000000008002840       0xec ./Drivers/STM32F1xx_HAL_Driver/Src/stm32f1xx_hal_dma.o
                0x0000000008002840                HAL_DMA_Abort_IT
 .text.HAL_DMA_IRQHandler
                0x000000000800292c      0x20c ./Drivers/STM32F1xx_HAL_Driver/Src/stm32f1xx_hal_dma.o
                0x000000000800292c                HAL_DMA_IRQHandler
 .text.DMA_SetConfig
                0x0000000008002b38       0x5a ./Drivers/STM32F1xx_HAL_Driver/Src/stm32f1xx_hal_dma.o
 *fill*         0x0000000008002b92        0x2 
 .text.HAL_GPIO_Init
                0x0000000008002b94      0x308 ./Drivers/STM32F1xx_HAL_Driver/Src/stm32f1xx_hal_gpio.o
                0x0000000008002b94                HAL_GPIO_Init
 .text.HAL_GPIO_WritePin
                0x0000000008002e9c       0x30 ./Drivers/STM32F1xx_HAL_Driver/Src/stm32f1xx_hal_gpio.o
                0x0000000008002e9c                HAL_GPIO_WritePin
 .text.HAL_GPIO_TogglePin
                0x0000000008002ecc       0x32 ./Drivers/STM32F1xx_HAL_Driver/Src/stm32f1xx_hal_gpio.o
                0x0000000008002ecc                HAL_GPIO_TogglePin
 *fill*         0x0000000008002efe        0x2 
 .text.HAL_RCC_OscConfig
                0x0000000008002f00      0x504 ./Drivers/STM32F1xx_HAL_Driver/Src/stm32f1xx_hal_rcc.o
                0x0000000008002f00                HAL_RCC_OscConfig
 .text.HAL_RCC_ClockConfig
                0x0000000008003404      0x1d4 ./Drivers/STM32F1xx_HAL_Driver/Src/stm32f1xx_hal_rcc.o
                0x0000000008003404                HAL_RCC_ClockConfig
 .text.HAL_RCC_GetSysClockFreq
                0x00000000080035d8       0xbc ./Drivers/STM32F1xx_HAL_Driver/Src/stm32f1xx_hal_rcc.o
                0x00000000080035d8                HAL_RCC_GetSysClockFreq
 .text.HAL_RCC_GetHCLKFreq
                0x0000000008003694       0x14 ./Drivers/STM32F1xx_HAL_Driver/Src/stm32f1xx_hal_rcc.o
                0x0000000008003694                HAL_RCC_GetHCLKFreq
 .text.HAL_RCC_GetPCLK1Freq
                0x00000000080036a8       0x28 ./Drivers/STM32F1xx_HAL_Driver/Src/stm32f1xx_hal_rcc.o
                0x00000000080036a8                HAL_RCC_GetPCLK1Freq
 .text.HAL_RCC_GetPCLK2Freq
                0x00000000080036d0       0x28 ./Drivers/STM32F1xx_HAL_Driver/Src/stm32f1xx_hal_rcc.o
                0x00000000080036d0                HAL_RCC_GetPCLK2Freq
 .text.RCC_Delay
                0x00000000080036f8       0x3c ./Drivers/STM32F1xx_HAL_Driver/Src/stm32f1xx_hal_rcc.o
 .text.HAL_UART_Init
                0x0000000008003734       0x9a ./Drivers/STM32F1xx_HAL_Driver/Src/stm32f1xx_hal_uart.o
                0x0000000008003734                HAL_UART_Init
 *fill*         0x00000000080037ce        0x2 
 .text.HAL_UART_Transmit_DMA
                0x00000000080037d0       0xd8 ./Drivers/STM32F1xx_HAL_Driver/Src/stm32f1xx_hal_uart.o
                0x00000000080037d0                HAL_UART_Transmit_DMA
 .text.HAL_UART_Receive_DMA
                0x00000000080038a8       0x60 ./Drivers/STM32F1xx_HAL_Driver/Src/stm32f1xx_hal_uart.o
                0x00000000080038a8                HAL_UART_Receive_DMA
 .text.HAL_UART_IRQHandler
                0x0000000008003908      0x354 ./Drivers/STM32F1xx_HAL_Driver/Src/stm32f1xx_hal_uart.o
                0x0000000008003908                HAL_UART_IRQHandler
 .text.HAL_UART_TxHalfCpltCallback
                0x0000000008003c5c       0x12 ./Drivers/STM32F1xx_HAL_Driver/Src/stm32f1xx_hal_uart.o
                0x0000000008003c5c                HAL_UART_TxHalfCpltCallback
 .text.HAL_UART_RxHalfCpltCallback
                0x0000000008003c6e       0x12 ./Drivers/STM32F1xx_HAL_Driver/Src/stm32f1xx_hal_uart.o
                0x0000000008003c6e                HAL_UART_RxHalfCpltCallback
 .text.HAL_UART_ErrorCallback
                0x0000000008003c80       0x12 ./Drivers/STM32F1xx_HAL_Driver/Src/stm32f1xx_hal_uart.o
                0x0000000008003c80                HAL_UART_ErrorCallback
 .text.HAL_UARTEx_RxEventCallback
                0x0000000008003c92       0x16 ./Drivers/STM32F1xx_HAL_Driver/Src/stm32f1xx_hal_uart.o
                0x0000000008003c92                HAL_UARTEx_RxEventCallback
 .text.UART_DMATransmitCplt
                0x0000000008003ca8       0x52 ./Drivers/STM32F1xx_HAL_Driver/Src/stm32f1xx_hal_uart.o
 .text.UART_DMATxHalfCplt
                0x0000000008003cfa       0x1c ./Drivers/STM32F1xx_HAL_Driver/Src/stm32f1xx_hal_uart.o
 .text.UART_DMAReceiveCplt
                0x0000000008003d16       0x96 ./Drivers/STM32F1xx_HAL_Driver/Src/stm32f1xx_hal_uart.o
 .text.UART_DMARxHalfCplt
                0x0000000008003dac       0x36 ./Drivers/STM32F1xx_HAL_Driver/Src/stm32f1xx_hal_uart.o
 .text.UART_DMAError
                0x0000000008003de2       0x94 ./Drivers/STM32F1xx_HAL_Driver/Src/stm32f1xx_hal_uart.o
 *fill*         0x0000000008003e76        0x2 
 .text.UART_Start_Receive_DMA
                0x0000000008003e78       0xc8 ./Drivers/STM32F1xx_HAL_Driver/Src/stm32f1xx_hal_uart.o
                0x0000000008003e78                UART_Start_Receive_DMA
 .text.UART_EndTxTransfer
                0x0000000008003f40       0x2a ./Drivers/STM32F1xx_HAL_Driver/Src/stm32f1xx_hal_uart.o
 .text.UART_EndRxTransfer
                0x0000000008003f6a       0x58 ./Drivers/STM32F1xx_HAL_Driver/Src/stm32f1xx_hal_uart.o
 .text.UART_DMAAbortOnError
                0x0000000008003fc2       0x28 ./Drivers/STM32F1xx_HAL_Driver/Src/stm32f1xx_hal_uart.o
 .text.UART_Transmit_IT
                0x0000000008003fea       0x9e ./Drivers/STM32F1xx_HAL_Driver/Src/stm32f1xx_hal_uart.o
 .text.UART_EndTransmit_IT
                0x0000000008004088       0x30 ./Drivers/STM32F1xx_HAL_Driver/Src/stm32f1xx_hal_uart.o
 .text.UART_Receive_IT
                0x00000000080040b8      0x152 ./Drivers/STM32F1xx_HAL_Driver/Src/stm32f1xx_hal_uart.o
 *fill*         0x000000000800420a        0x2 
 .text.UART_SetConfig
                0x000000000800420c      0x11c ./Drivers/STM32F1xx_HAL_Driver/Src/stm32f1xx_hal_uart.o
 .text.__cxa_pure_virtual
                0x0000000008004328        0x6 /opt/st/stm32cubeide_1.9.0/plugins/com.st.stm32cube.ide.mcu.externaltools.gnu-tools-for-stm32.10.3-2021.10.linux64_1.0.0.202111181127/tools/bin/../lib/gcc/arm-none-eabi/10.3.1/../../../../arm-none-eabi/lib/thumb/v7-m/nofp/libstdc++_nano.a(pure.o)
                0x0000000008004328                __cxa_pure_virtual
 .text._ZN10__cxxabiv111__terminateEPFvvE
                0x000000000800432e        0x8 /opt/st/stm32cubeide_1.9.0/plugins/com.st.stm32cube.ide.mcu.externaltools.gnu-tools-for-stm32.10.3-2021.10.linux64_1.0.0.202111181127/tools/bin/../lib/gcc/arm-none-eabi/10.3.1/../../../../arm-none-eabi/lib/thumb/v7-m/nofp/libstdc++_nano.a(eh_terminate.o)
                0x000000000800432e                __cxxabiv1::__terminate(void (*)())
 *fill*         0x0000000008004336        0x2 
 .text._ZSt13get_terminatev
                0x0000000008004338       0x10 /opt/st/stm32cubeide_1.9.0/plugins/com.st.stm32cube.ide.mcu.externaltools.gnu-tools-for-stm32.10.3-2021.10.linux64_1.0.0.202111181127/tools/bin/../lib/gcc/arm-none-eabi/10.3.1/../../../../arm-none-eabi/lib/thumb/v7-m/nofp/libstdc++_nano.a(eh_terminate.o)
                0x0000000008004338                std::get_terminate()
 .text._ZSt9terminatev
                0x0000000008004348        0xa /opt/st/stm32cubeide_1.9.0/plugins/com.st.stm32cube.ide.mcu.externaltools.gnu-tools-for-stm32.10.3-2021.10.linux64_1.0.0.202111181127/tools/bin/../lib/gcc/arm-none-eabi/10.3.1/../../../../arm-none-eabi/lib/thumb/v7-m/nofp/libstdc++_nano.a(eh_terminate.o)
                0x0000000008004348                std::terminate()
 .text.abort    0x0000000008004352        0xe /opt/st/stm32cubeide_1.9.0/plugins/com.st.stm32cube.ide.mcu.externaltools.gnu-tools-for-stm32.10.3-2021.10.linux64_1.0.0.202111181127/tools/bin/../lib/gcc/arm-none-eabi/10.3.1/../../../../arm-none-eabi/lib/thumb/v7-m/nofp/libc_nano.a(lib_a-abort.o)
                0x0000000008004352                abort
 .text.__errno  0x0000000008004360        0xc /opt/st/stm32cubeide_1.9.0/plugins/com.st.stm32cube.ide.mcu.externaltools.gnu-tools-for-stm32.10.3-2021.10.linux64_1.0.0.202111181127/tools/bin/../lib/gcc/arm-none-eabi/10.3.1/../../../../arm-none-eabi/lib/thumb/v7-m/nofp/libc_nano.a(lib_a-errno.o)
                0x0000000008004360                __errno
 .text.__libc_init_array
                0x000000000800436c       0x48 /opt/st/stm32cubeide_1.9.0/plugins/com.st.stm32cube.ide.mcu.externaltools.gnu-tools-for-stm32.10.3-2021.10.linux64_1.0.0.202111181127/tools/bin/../lib/gcc/arm-none-eabi/10.3.1/../../../../arm-none-eabi/lib/thumb/v7-m/nofp/libc_nano.a(lib_a-init.o)
                0x000000000800436c                __libc_init_array
 .text.memcpy   0x00000000080043b4       0x1c /opt/st/stm32cubeide_1.9.0/plugins/com.st.stm32cube.ide.mcu.externaltools.gnu-tools-for-stm32.10.3-2021.10.linux64_1.0.0.202111181127/tools/bin/../lib/gcc/arm-none-eabi/10.3.1/../../../../arm-none-eabi/lib/thumb/v7-m/nofp/libc_nano.a(lib_a-memcpy-stub.o)
                0x00000000080043b4                memcpy
 .text.memset   0x00000000080043d0       0x10 /opt/st/stm32cubeide_1.9.0/plugins/com.st.stm32cube.ide.mcu.externaltools.gnu-tools-for-stm32.10.3-2021.10.linux64_1.0.0.202111181127/tools/bin/../lib/gcc/arm-none-eabi/10.3.1/../../../../arm-none-eabi/lib/thumb/v7-m/nofp/libc_nano.a(lib_a-memset.o)
                0x00000000080043d0                memset
 .text.realloc  0x00000000080043e0       0x10 /opt/st/stm32cubeide_1.9.0/plugins/com.st.stm32cube.ide.mcu.externaltools.gnu-tools-for-stm32.10.3-2021.10.linux64_1.0.0.202111181127/tools/bin/../lib/gcc/arm-none-eabi/10.3.1/../../../../arm-none-eabi/lib/thumb/v7-m/nofp/libc_nano.a(lib_a-realloc.o)
                0x00000000080043e0                realloc
 .text._raise_r
                0x00000000080043f0       0x50 /opt/st/stm32cubeide_1.9.0/plugins/com.st.stm32cube.ide.mcu.externaltools.gnu-tools-for-stm32.10.3-2021.10.linux64_1.0.0.202111181127/tools/bin/../lib/gcc/arm-none-eabi/10.3.1/../../../../arm-none-eabi/lib/thumb/v7-m/nofp/libc_nano.a(lib_a-signal.o)
                0x00000000080043f0                _raise_r
 .text.raise    0x0000000008004440       0x10 /opt/st/stm32cubeide_1.9.0/plugins/com.st.stm32cube.ide.mcu.externaltools.gnu-tools-for-stm32.10.3-2021.10.linux64_1.0.0.202111181127/tools/bin/../lib/gcc/arm-none-eabi/10.3.1/../../../../arm-none-eabi/lib/thumb/v7-m/nofp/libc_nano.a(lib_a-signal.o)
                0x0000000008004440                raise
 .text._kill_r  0x0000000008004450       0x24 /opt/st/stm32cubeide_1.9.0/plugins/com.st.stm32cube.ide.mcu.externaltools.gnu-tools-for-stm32.10.3-2021.10.linux64_1.0.0.202111181127/tools/bin/../lib/gcc/arm-none-eabi/10.3.1/../../../../arm-none-eabi/lib/thumb/v7-m/nofp/libc_nano.a(lib_a-signalr.o)
                0x0000000008004450                _kill_r
 .text._getpid_r
                0x0000000008004474        0x4 /opt/st/stm32cubeide_1.9.0/plugins/com.st.stm32cube.ide.mcu.externaltools.gnu-tools-for-stm32.10.3-2021.10.linux64_1.0.0.202111181127/tools/bin/../lib/gcc/arm-none-eabi/10.3.1/../../../../arm-none-eabi/lib/thumb/v7-m/nofp/libc_nano.a(lib_a-signalr.o)
                0x0000000008004474                _getpid_r
 .text.sbrk_aligned
                0x0000000008004478       0x40 /opt/st/stm32cubeide_1.9.0/plugins/com.st.stm32cube.ide.mcu.externaltools.gnu-tools-for-stm32.10.3-2021.10.linux64_1.0.0.202111181127/tools/bin/../lib/gcc/arm-none-eabi/10.3.1/../../../../arm-none-eabi/lib/thumb/v7-m/nofp/libc_nano.a(lib_a-nano-mallocr.o)
 .text._malloc_r
                0x00000000080044b8       0xe8 /opt/st/stm32cubeide_1.9.0/plugins/com.st.stm32cube.ide.mcu.externaltools.gnu-tools-for-stm32.10.3-2021.10.linux64_1.0.0.202111181127/tools/bin/../lib/gcc/arm-none-eabi/10.3.1/../../../../arm-none-eabi/lib/thumb/v7-m/nofp/libc_nano.a(lib_a-nano-mallocr.o)
                0x00000000080044b8                _malloc_r
 .text._realloc_r
                0x00000000080045a0       0x5e /opt/st/stm32cubeide_1.9.0/plugins/com.st.stm32cube.ide.mcu.externaltools.gnu-tools-for-stm32.10.3-2021.10.linux64_1.0.0.202111181127/tools/bin/../lib/gcc/arm-none-eabi/10.3.1/../../../../arm-none-eabi/lib/thumb/v7-m/nofp/libc_nano.a(lib_a-nano-reallocr.o)
                0x00000000080045a0                _realloc_r
 *fill*         0x00000000080045fe        0x2 
 .text._sbrk_r  0x0000000008004600       0x20 /opt/st/stm32cubeide_1.9.0/plugins/com.st.stm32cube.ide.mcu.externaltools.gnu-tools-for-stm32.10.3-2021.10.linux64_1.0.0.202111181127/tools/bin/../lib/gcc/arm-none-eabi/10.3.1/../../../../arm-none-eabi/lib/thumb/v7-m/nofp/libc_nano.a(lib_a-sbrkr.o)
                0x0000000008004600                _sbrk_r
 .text.__malloc_lock
                0x0000000008004620        0xc /opt/st/stm32cubeide_1.9.0/plugins/com.st.stm32cube.ide.mcu.externaltools.gnu-tools-for-stm32.10.3-2021.10.linux64_1.0.0.202111181127/tools/bin/../lib/gcc/arm-none-eabi/10.3.1/../../../../arm-none-eabi/lib/thumb/v7-m/nofp/libc_nano.a(lib_a-mlock.o)
                0x0000000008004620                __malloc_lock
 .text.__malloc_unlock
                0x000000000800462c        0xc /opt/st/stm32cubeide_1.9.0/plugins/com.st.stm32cube.ide.mcu.externaltools.gnu-tools-for-stm32.10.3-2021.10.linux64_1.0.0.202111181127/tools/bin/../lib/gcc/arm-none-eabi/10.3.1/../../../../arm-none-eabi/lib/thumb/v7-m/nofp/libc_nano.a(lib_a-mlock.o)
                0x000000000800462c                __malloc_unlock
 .text._free_r  0x0000000008004638       0x90 /opt/st/stm32cubeide_1.9.0/plugins/com.st.stm32cube.ide.mcu.externaltools.gnu-tools-for-stm32.10.3-2021.10.linux64_1.0.0.202111181127/tools/bin/../lib/gcc/arm-none-eabi/10.3.1/../../../../arm-none-eabi/lib/thumb/v7-m/nofp/libc_nano.a(lib_a-nano-freer.o)
                0x0000000008004638                _free_r
 .text._malloc_usable_size_r
                0x00000000080046c8       0x10 /opt/st/stm32cubeide_1.9.0/plugins/com.st.stm32cube.ide.mcu.externaltools.gnu-tools-for-stm32.10.3-2021.10.linux64_1.0.0.202111181127/tools/bin/../lib/gcc/arm-none-eabi/10.3.1/../../../../arm-none-eabi/lib/thumb/v7-m/nofp/libc_nano.a(lib_a-nano-msizer.o)
                0x00000000080046c8                _malloc_usable_size_r
 .text.__retarget_lock_acquire_recursive
                0x00000000080046d8        0x2 /opt/st/stm32cubeide_1.9.0/plugins/com.st.stm32cube.ide.mcu.externaltools.gnu-tools-for-stm32.10.3-2021.10.linux64_1.0.0.202111181127/tools/bin/../lib/gcc/arm-none-eabi/10.3.1/../../../../arm-none-eabi/lib/thumb/v7-m/nofp/libc_nano.a(lib_a-lock.o)
                0x00000000080046d8                __retarget_lock_acquire_recursive
 .text.__retarget_lock_release_recursive
                0x00000000080046da        0x2 /opt/st/stm32cubeide_1.9.0/plugins/com.st.stm32cube.ide.mcu.externaltools.gnu-tools-for-stm32.10.3-2021.10.linux64_1.0.0.202111181127/tools/bin/../lib/gcc/arm-none-eabi/10.3.1/../../../../arm-none-eabi/lib/thumb/v7-m/nofp/libc_nano.a(lib_a-lock.o)
                0x00000000080046da                __retarget_lock_release_recursive
 *(.glue_7)
 .glue_7        0x00000000080046dc        0x0 linker stubs
 *(.glue_7t)
 .glue_7t       0x00000000080046dc        0x0 linker stubs
 *(.eh_frame)
 .eh_frame      0x00000000080046dc        0x0 /opt/st/stm32cubeide_1.9.0/plugins/com.st.stm32cube.ide.mcu.externaltools.gnu-tools-for-stm32.10.3-2021.10.linux64_1.0.0.202111181127/tools/bin/../lib/gcc/arm-none-eabi/10.3.1/thumb/v7-m/nofp/crtbegin.o
 *(.init)
 .init          0x00000000080046dc        0x4 /opt/st/stm32cubeide_1.9.0/plugins/com.st.stm32cube.ide.mcu.externaltools.gnu-tools-for-stm32.10.3-2021.10.linux64_1.0.0.202111181127/tools/bin/../lib/gcc/arm-none-eabi/10.3.1/thumb/v7-m/nofp/crti.o
                0x00000000080046dc                _init
 .init          0x00000000080046e0        0x8 /opt/st/stm32cubeide_1.9.0/plugins/com.st.stm32cube.ide.mcu.externaltools.gnu-tools-for-stm32.10.3-2021.10.linux64_1.0.0.202111181127/tools/bin/../lib/gcc/arm-none-eabi/10.3.1/thumb/v7-m/nofp/crtn.o
 *(.fini)
 .fini          0x00000000080046e8        0x4 /opt/st/stm32cubeide_1.9.0/plugins/com.st.stm32cube.ide.mcu.externaltools.gnu-tools-for-stm32.10.3-2021.10.linux64_1.0.0.202111181127/tools/bin/../lib/gcc/arm-none-eabi/10.3.1/thumb/v7-m/nofp/crti.o
                0x00000000080046e8                _fini
 .fini          0x00000000080046ec        0x8 /opt/st/stm32cubeide_1.9.0/plugins/com.st.stm32cube.ide.mcu.externaltools.gnu-tools-for-stm32.10.3-2021.10.linux64_1.0.0.202111181127/tools/bin/../lib/gcc/arm-none-eabi/10.3.1/thumb/v7-m/nofp/crtn.o
                0x00000000080046f4                . = ALIGN (0x4)
                0x00000000080046f4                _etext = .

.vfp11_veneer   0x00000000080046f4        0x0
 .vfp11_veneer  0x00000000080046f4        0x0 linker stubs

.v4_bx          0x00000000080046f4        0x0
 .v4_bx         0x00000000080046f4        0x0 linker stubs

.iplt           0x00000000080046f4        0x0
 .iplt          0x00000000080046f4        0x0 /opt/st/stm32cubeide_1.9.0/plugins/com.st.stm32cube.ide.mcu.externaltools.gnu-tools-for-stm32.10.3-2021.10.linux64_1.0.0.202111181127/tools/bin/../lib/gcc/arm-none-eabi/10.3.1/thumb/v7-m/nofp/crtbegin.o

.rodata         0x00000000080046f4      0x248
                0x00000000080046f4                . = ALIGN (0x4)
 *(.rodata)
 .rodata        0x00000000080046f4      0x14c ./Core/Src/mainpp.o
 .rodata        0x0000000008004840       0x10 ./Drivers/STM32F1xx_HAL_Driver/Src/stm32f1xx_hal_rcc.o
 *(.rodata*)
 .rodata._ZN14rosserial_msgsL12REQUESTPARAME
                0x0000000008004850       0x1c ./Core/Src/mainpp.o
 .rodata._ZTVN3ros11NodeHandle_I13STM32HardwareLi25ELi25ELi512ELi512EEE
                0x000000000800486c       0x14 ./Core/Src/mainpp.o
                0x000000000800486c                vtable for ros::NodeHandle_<STM32Hardware, 25, 25, 512, 512>
 .rodata._ZTVN8std_msgs6StringE
                0x0000000008004880       0x18 ./Core/Src/mainpp.o
                0x0000000008004880                vtable for std_msgs::String
 .rodata._ZTVN3ros15NodeHandleBase_E
                0x0000000008004898       0x14 ./Core/Src/mainpp.o
                0x0000000008004898                vtable for ros::NodeHandleBase_
 .rodata._ZTVN14rosserial_msgs20RequestParamResponseE
                0x00000000080048ac       0x18 ./Core/Src/mainpp.o
                0x00000000080048ac                vtable for rosserial_msgs::RequestParamResponse
 .rodata._ZTVN14rosserial_msgs3LogE
                0x00000000080048c4       0x18 ./Core/Src/mainpp.o
                0x00000000080048c4                vtable for rosserial_msgs::Log
 .rodata._ZTVN14rosserial_msgs9TopicInfoE
                0x00000000080048dc       0x18 ./Core/Src/mainpp.o
                0x00000000080048dc                vtable for rosserial_msgs::TopicInfo
 .rodata._ZTVN8std_msgs4TimeE
                0x00000000080048f4       0x18 ./Core/Src/mainpp.o
                0x00000000080048f4                vtable for std_msgs::Time
 .rodata._ZTVN3ros3MsgE
                0x000000000800490c       0x18 ./Core/Src/mainpp.o
                0x000000000800490c                vtable for ros::Msg
 .rodata.AHBPrescTable
                0x0000000008004924       0x10 ./Core/Src/system_stm32f1xx.o
                0x0000000008004924                AHBPrescTable
 .rodata.APBPrescTable
                0x0000000008004934        0x8 ./Core/Src/system_stm32f1xx.o
                0x0000000008004934                APBPrescTable
                0x000000000800493c                . = ALIGN (0x4)

.rel.dyn        0x000000000800493c        0x0
 .rel.iplt      0x000000000800493c        0x0 /opt/st/stm32cubeide_1.9.0/plugins/com.st.stm32cube.ide.mcu.externaltools.gnu-tools-for-stm32.10.3-2021.10.linux64_1.0.0.202111181127/tools/bin/../lib/gcc/arm-none-eabi/10.3.1/thumb/v7-m/nofp/crtbegin.o

.ARM.extab      0x000000000800493c        0x0
                0x000000000800493c                . = ALIGN (0x4)
 *(.ARM.extab* .gnu.linkonce.armextab.*)
                0x000000000800493c                . = ALIGN (0x4)

.ARM            0x000000000800493c        0x0
                0x000000000800493c                . = ALIGN (0x4)
                0x000000000800493c                __exidx_start = .
 *(.ARM.exidx*)
                0x000000000800493c                __exidx_end = .
                0x000000000800493c                . = ALIGN (0x4)

.preinit_array  0x000000000800493c        0x0
                0x000000000800493c                . = ALIGN (0x4)
                0x000000000800493c                PROVIDE (__preinit_array_start = .)
 *(.preinit_array*)
                0x000000000800493c                PROVIDE (__preinit_array_end = .)
                0x000000000800493c                . = ALIGN (0x4)

.init_array     0x000000000800493c        0x8
                0x000000000800493c                . = ALIGN (0x4)
                0x000000000800493c                PROVIDE (__init_array_start = .)
 *(SORT_BY_NAME(.init_array.*))
 *(.init_array*)
 .init_array    0x000000000800493c        0x4 /opt/st/stm32cubeide_1.9.0/plugins/com.st.stm32cube.ide.mcu.externaltools.gnu-tools-for-stm32.10.3-2021.10.linux64_1.0.0.202111181127/tools/bin/../lib/gcc/arm-none-eabi/10.3.1/thumb/v7-m/nofp/crtbegin.o
 .init_array    0x0000000008004940        0x4 ./Core/Src/mainpp.o
                0x0000000008004944                PROVIDE (__init_array_end = .)
                0x0000000008004944                . = ALIGN (0x4)

.fini_array     0x0000000008004944        0x4
                0x0000000008004944                . = ALIGN (0x4)
                [!provide]                        PROVIDE (__fini_array_start = .)
 *(SORT_BY_NAME(.fini_array.*))
 *(.fini_array*)
 .fini_array    0x0000000008004944        0x4 /opt/st/stm32cubeide_1.9.0/plugins/com.st.stm32cube.ide.mcu.externaltools.gnu-tools-for-stm32.10.3-2021.10.linux64_1.0.0.202111181127/tools/bin/../lib/gcc/arm-none-eabi/10.3.1/thumb/v7-m/nofp/crtbegin.o
                [!provide]                        PROVIDE (__fini_array_end = .)
                0x0000000008004948                . = ALIGN (0x4)
                0x0000000008004948                _sidata = LOADADDR (.data)

.data           0x0000000020000000       0x84 load address 0x0000000008004948
                0x0000000020000000                . = ALIGN (0x4)
                0x0000000020000000                _sdata = .
 *(.data)
 *(.data*)
 .data.hello    0x0000000020000000        0xd ./Core/Src/mainpp.o
                0x0000000020000000                hello
 *fill*         0x000000002000000d        0x3 
 .data.SystemCoreClock
                0x0000000020000010        0x4 ./Core/Src/system_stm32f1xx.o
                0x0000000020000010                SystemCoreClock
 .data.uwTickPrio
                0x0000000020000014        0x4 ./Drivers/STM32F1xx_HAL_Driver/Src/stm32f1xx_hal.o
                0x0000000020000014                uwTickPrio
 .data.uwTickFreq
                0x0000000020000018        0x1 ./Drivers/STM32F1xx_HAL_Driver/Src/stm32f1xx_hal.o
                0x0000000020000018                uwTickFreq
 *fill*         0x0000000020000019        0x3 
 .data._ZN10__cxxabiv119__terminate_handlerE
                0x000000002000001c        0x4 /opt/st/stm32cubeide_1.9.0/plugins/com.st.stm32cube.ide.mcu.externaltools.gnu-tools-for-stm32.10.3-2021.10.linux64_1.0.0.202111181127/tools/bin/../lib/gcc/arm-none-eabi/10.3.1/../../../../arm-none-eabi/lib/thumb/v7-m/nofp/libstdc++_nano.a(eh_term_handler.o)
                0x000000002000001c                __cxxabiv1::__terminate_handler
 .data._impure_ptr
                0x0000000020000020        0x4 /opt/st/stm32cubeide_1.9.0/plugins/com.st.stm32cube.ide.mcu.externaltools.gnu-tools-for-stm32.10.3-2021.10.linux64_1.0.0.202111181127/tools/bin/../lib/gcc/arm-none-eabi/10.3.1/../../../../arm-none-eabi/lib/thumb/v7-m/nofp/libc_nano.a(lib_a-impure.o)
                0x0000000020000020                _impure_ptr
 .data.impure_data
                0x0000000020000024       0x60 /opt/st/stm32cubeide_1.9.0/plugins/com.st.stm32cube.ide.mcu.externaltools.gnu-tools-for-stm32.10.3-2021.10.linux64_1.0.0.202111181127/tools/bin/../lib/gcc/arm-none-eabi/10.3.1/../../../../arm-none-eabi/lib/thumb/v7-m/nofp/libc_nano.a(lib_a-impure.o)
 *(.RamFunc)
 *(.RamFunc*)
                0x0000000020000084                . = ALIGN (0x4)
                0x0000000020000084                _edata = .

.igot.plt       0x0000000020000084        0x0 load address 0x00000000080049cc
 .igot.plt      0x0000000020000084        0x0 /opt/st/stm32cubeide_1.9.0/plugins/com.st.stm32cube.ide.mcu.externaltools.gnu-tools-for-stm32.10.3-2021.10.linux64_1.0.0.202111181127/tools/bin/../lib/gcc/arm-none-eabi/10.3.1/thumb/v7-m/nofp/crtbegin.o
                0x0000000020000084                . = ALIGN (0x4)

.bss            0x0000000020000084      0xa5c load address 0x00000000080049cc
                0x0000000020000084                _sbss = .
                0x0000000020000084                __bss_start__ = _sbss
 *(.bss)
 .bss           0x0000000020000084       0x1c /opt/st/stm32cubeide_1.9.0/plugins/com.st.stm32cube.ide.mcu.externaltools.gnu-tools-for-stm32.10.3-2021.10.linux64_1.0.0.202111181127/tools/bin/../lib/gcc/arm-none-eabi/10.3.1/thumb/v7-m/nofp/crtbegin.o
 *(.bss*)
 .bss.huart1    0x00000000200000a0       0x44 ./Core/Src/main.o
                0x00000000200000a0                huart1
 .bss.hdma_usart1_rx
                0x00000000200000e4       0x44 ./Core/Src/main.o
                0x00000000200000e4                hdma_usart1_rx
 .bss.hdma_usart1_tx
                0x0000000020000128       0x44 ./Core/Src/main.o
                0x0000000020000128                hdma_usart1_tx
 .bss._ZZN13STM32Hardware5flushEvE5mutex
                0x000000002000016c        0x1 ./Core/Src/mainpp.o
                0x000000002000016c                STM32Hardware::flush()::mutex
 *fill*         0x000000002000016d        0x3 
 .bss.nh        0x0000000020000170      0x93c ./Core/Src/mainpp.o
                0x0000000020000170                nh
 .bss.str_msg   0x0000000020000aac        0x8 ./Core/Src/mainpp.o
                0x0000000020000aac                str_msg
 .bss.chatter   0x0000000020000ab4       0x14 ./Core/Src/mainpp.o
                0x0000000020000ab4                chatter
 .bss.__sbrk_heap_end
                0x0000000020000ac8        0x4 ./Core/Src/sysmem.o
 .bss.uwTick    0x0000000020000acc        0x4 ./Drivers/STM32F1xx_HAL_Driver/Src/stm32f1xx_hal.o
                0x0000000020000acc                uwTick
 .bss.__malloc_free_list
                0x0000000020000ad0        0x4 /opt/st/stm32cubeide_1.9.0/plugins/com.st.stm32cube.ide.mcu.externaltools.gnu-tools-for-stm32.10.3-2021.10.linux64_1.0.0.202111181127/tools/bin/../lib/gcc/arm-none-eabi/10.3.1/../../../../arm-none-eabi/lib/thumb/v7-m/nofp/libc_nano.a(lib_a-nano-mallocr.o)
                0x0000000020000ad0                __malloc_free_list
 .bss.__malloc_sbrk_start
                0x0000000020000ad4        0x4 /opt/st/stm32cubeide_1.9.0/plugins/com.st.stm32cube.ide.mcu.externaltools.gnu-tools-for-stm32.10.3-2021.10.linux64_1.0.0.202111181127/tools/bin/../lib/gcc/arm-none-eabi/10.3.1/../../../../arm-none-eabi/lib/thumb/v7-m/nofp/libc_nano.a(lib_a-nano-mallocr.o)
                0x0000000020000ad4                __malloc_sbrk_start
 .bss.errno     0x0000000020000ad8        0x4 /opt/st/stm32cubeide_1.9.0/plugins/com.st.stm32cube.ide.mcu.externaltools.gnu-tools-for-stm32.10.3-2021.10.linux64_1.0.0.202111181127/tools/bin/../lib/gcc/arm-none-eabi/10.3.1/../../../../arm-none-eabi/lib/thumb/v7-m/nofp/libc_nano.a(lib_a-reent.o)
                0x0000000020000ad8                errno
 .bss.__lock___malloc_recursive_mutex
                0x0000000020000adc        0x1 /opt/st/stm32cubeide_1.9.0/plugins/com.st.stm32cube.ide.mcu.externaltools.gnu-tools-for-stm32.10.3-2021.10.linux64_1.0.0.202111181127/tools/bin/../lib/gcc/arm-none-eabi/10.3.1/../../../../arm-none-eabi/lib/thumb/v7-m/nofp/libc_nano.a(lib_a-lock.o)
                0x0000000020000adc                __lock___malloc_recursive_mutex
 *(COMMON)
                0x0000000020000ae0                . = ALIGN (0x4)
 *fill*         0x0000000020000add        0x3 
                0x0000000020000ae0                _ebss = .
                0x0000000020000ae0                __bss_end__ = _ebss

._user_heap_stack
                0x0000000020000ae0      0x600 load address 0x00000000080049cc
                0x0000000020000ae0                . = ALIGN (0x8)
                [!provide]                        PROVIDE (end = .)
                0x0000000020000ae0                PROVIDE (_end = .)
                0x0000000020000ce0                . = (. + _Min_Heap_Size)
 *fill*         0x0000000020000ae0      0x200 
                0x00000000200010e0                . = (. + _Min_Stack_Size)
 *fill*         0x0000000020000ce0      0x400 
                0x00000000200010e0                . = ALIGN (0x8)

/DISCARD/
 libc.a(*)
 libm.a(*)
 libgcc.a(*)

.ARM.attributes
                0x0000000000000000       0x29
 *(.ARM.attributes)
 .ARM.attributes
                0x0000000000000000       0x1d /opt/st/stm32cubeide_1.9.0/plugins/com.st.stm32cube.ide.mcu.externaltools.gnu-tools-for-stm32.10.3-2021.10.linux64_1.0.0.202111181127/tools/bin/../lib/gcc/arm-none-eabi/10.3.1/thumb/v7-m/nofp/crti.o
 .ARM.attributes
                0x000000000000001d       0x2d /opt/st/stm32cubeide_1.9.0/plugins/com.st.stm32cube.ide.mcu.externaltools.gnu-tools-for-stm32.10.3-2021.10.linux64_1.0.0.202111181127/tools/bin/../lib/gcc/arm-none-eabi/10.3.1/thumb/v7-m/nofp/crtbegin.o
 .ARM.attributes
                0x000000000000004a       0x2d ./Core/Src/main.o
 .ARM.attributes
                0x0000000000000077       0x2d ./Core/Src/mainpp.o
 .ARM.attributes
                0x00000000000000a4       0x2d ./Core/Src/stm32f1xx_hal_msp.o
 .ARM.attributes
                0x00000000000000d1       0x2d ./Core/Src/stm32f1xx_it.o
 .ARM.attributes
                0x00000000000000fe       0x2d ./Core/Src/syscalls.o
 .ARM.attributes
                0x000000000000012b       0x2d ./Core/Src/sysmem.o
 .ARM.attributes
                0x0000000000000158       0x2d ./Core/Src/system_stm32f1xx.o
 .ARM.attributes
                0x0000000000000185       0x2d ./Core/Src/time.o
 .ARM.attributes
                0x00000000000001b2       0x21 ./Core/Startup/startup_stm32f103c8tx.o
 .ARM.attributes
                0x00000000000001d3       0x2d ./Drivers/STM32F1xx_HAL_Driver/Src/stm32f1xx_hal.o
 .ARM.attributes
                0x0000000000000200       0x2d ./Drivers/STM32F1xx_HAL_Driver/Src/stm32f1xx_hal_cortex.o
 .ARM.attributes
                0x000000000000022d       0x2d ./Drivers/STM32F1xx_HAL_Driver/Src/stm32f1xx_hal_dma.o
 .ARM.attributes
                0x000000000000025a       0x2d ./Drivers/STM32F1xx_HAL_Driver/Src/stm32f1xx_hal_gpio.o
 .ARM.attributes
                0x0000000000000287       0x2d ./Drivers/STM32F1xx_HAL_Driver/Src/stm32f1xx_hal_rcc.o
 .ARM.attributes
                0x00000000000002b4       0x2d ./Drivers/STM32F1xx_HAL_Driver/Src/stm32f1xx_hal_uart.o
 .ARM.attributes
                0x00000000000002e1       0x2d /opt/st/stm32cubeide_1.9.0/plugins/com.st.stm32cube.ide.mcu.externaltools.gnu-tools-for-stm32.10.3-2021.10.linux64_1.0.0.202111181127/tools/bin/../lib/gcc/arm-none-eabi/10.3.1/../../../../arm-none-eabi/lib/thumb/v7-m/nofp/libstdc++_nano.a(pure.o)
 .ARM.attributes
                0x000000000000030e       0x2d /opt/st/stm32cubeide_1.9.0/plugins/com.st.stm32cube.ide.mcu.externaltools.gnu-tools-for-stm32.10.3-2021.10.linux64_1.0.0.202111181127/tools/bin/../lib/gcc/arm-none-eabi/10.3.1/../../../../arm-none-eabi/lib/thumb/v7-m/nofp/libstdc++_nano.a(eh_terminate.o)
 .ARM.attributes
                0x000000000000033b       0x2d /opt/st/stm32cubeide_1.9.0/plugins/com.st.stm32cube.ide.mcu.externaltools.gnu-tools-for-stm32.10.3-2021.10.linux64_1.0.0.202111181127/tools/bin/../lib/gcc/arm-none-eabi/10.3.1/../../../../arm-none-eabi/lib/thumb/v7-m/nofp/libstdc++_nano.a(eh_term_handler.o)
 .ARM.attributes
                0x0000000000000368       0x2d /opt/st/stm32cubeide_1.9.0/plugins/com.st.stm32cube.ide.mcu.externaltools.gnu-tools-for-stm32.10.3-2021.10.linux64_1.0.0.202111181127/tools/bin/../lib/gcc/arm-none-eabi/10.3.1/../../../../arm-none-eabi/lib/thumb/v7-m/nofp/libc_nano.a(lib_a-abort.o)
 .ARM.attributes
                0x0000000000000395       0x2d /opt/st/stm32cubeide_1.9.0/plugins/com.st.stm32cube.ide.mcu.externaltools.gnu-tools-for-stm32.10.3-2021.10.linux64_1.0.0.202111181127/tools/bin/../lib/gcc/arm-none-eabi/10.3.1/../../../../arm-none-eabi/lib/thumb/v7-m/nofp/libc_nano.a(lib_a-errno.o)
 .ARM.attributes
                0x00000000000003c2       0x2d /opt/st/stm32cubeide_1.9.0/plugins/com.st.stm32cube.ide.mcu.externaltools.gnu-tools-for-stm32.10.3-2021.10.linux64_1.0.0.202111181127/tools/bin/../lib/gcc/arm-none-eabi/10.3.1/../../../../arm-none-eabi/lib/thumb/v7-m/nofp/libc_nano.a(lib_a-impure.o)
 .ARM.attributes
                0x00000000000003ef       0x2d /opt/st/stm32cubeide_1.9.0/plugins/com.st.stm32cube.ide.mcu.externaltools.gnu-tools-for-stm32.10.3-2021.10.linux64_1.0.0.202111181127/tools/bin/../lib/gcc/arm-none-eabi/10.3.1/../../../../arm-none-eabi/lib/thumb/v7-m/nofp/libc_nano.a(lib_a-init.o)
 .ARM.attributes
                0x000000000000041c       0x2d /opt/st/stm32cubeide_1.9.0/plugins/com.st.stm32cube.ide.mcu.externaltools.gnu-tools-for-stm32.10.3-2021.10.linux64_1.0.0.202111181127/tools/bin/../lib/gcc/arm-none-eabi/10.3.1/../../../../arm-none-eabi/lib/thumb/v7-m/nofp/libc_nano.a(lib_a-memcpy-stub.o)
 .ARM.attributes
                0x0000000000000449       0x2d /opt/st/stm32cubeide_1.9.0/plugins/com.st.stm32cube.ide.mcu.externaltools.gnu-tools-for-stm32.10.3-2021.10.linux64_1.0.0.202111181127/tools/bin/../lib/gcc/arm-none-eabi/10.3.1/../../../../arm-none-eabi/lib/thumb/v7-m/nofp/libc_nano.a(lib_a-memset.o)
 .ARM.attributes
                0x0000000000000476       0x2d /opt/st/stm32cubeide_1.9.0/plugins/com.st.stm32cube.ide.mcu.externaltools.gnu-tools-for-stm32.10.3-2021.10.linux64_1.0.0.202111181127/tools/bin/../lib/gcc/arm-none-eabi/10.3.1/../../../../arm-none-eabi/lib/thumb/v7-m/nofp/libc_nano.a(lib_a-realloc.o)
 .ARM.attributes
                0x00000000000004a3       0x2d /opt/st/stm32cubeide_1.9.0/plugins/com.st.stm32cube.ide.mcu.externaltools.gnu-tools-for-stm32.10.3-2021.10.linux64_1.0.0.202111181127/tools/bin/../lib/gcc/arm-none-eabi/10.3.1/../../../../arm-none-eabi/lib/thumb/v7-m/nofp/libc_nano.a(lib_a-signal.o)
 .ARM.attributes
                0x00000000000004d0       0x2d /opt/st/stm32cubeide_1.9.0/plugins/com.st.stm32cube.ide.mcu.externaltools.gnu-tools-for-stm32.10.3-2021.10.linux64_1.0.0.202111181127/tools/bin/../lib/gcc/arm-none-eabi/10.3.1/../../../../arm-none-eabi/lib/thumb/v7-m/nofp/libc_nano.a(lib_a-signalr.o)
 .ARM.attributes
                0x00000000000004fd       0x17 /opt/st/stm32cubeide_1.9.0/plugins/com.st.stm32cube.ide.mcu.externaltools.gnu-tools-for-stm32.10.3-2021.10.linux64_1.0.0.202111181127/tools/bin/../lib/gcc/arm-none-eabi/10.3.1/../../../../arm-none-eabi/lib/thumb/v7-m/nofp/libc_nano.a(lib_a-strlen.o)
 .ARM.attributes
                0x0000000000000514       0x2d /opt/st/stm32cubeide_1.9.0/plugins/com.st.stm32cube.ide.mcu.externaltools.gnu-tools-for-stm32.10.3-2021.10.linux64_1.0.0.202111181127/tools/bin/../lib/gcc/arm-none-eabi/10.3.1/../../../../arm-none-eabi/lib/thumb/v7-m/nofp/libc_nano.a(lib_a-nano-mallocr.o)
 .ARM.attributes
                0x0000000000000541       0x2d /opt/st/stm32cubeide_1.9.0/plugins/com.st.stm32cube.ide.mcu.externaltools.gnu-tools-for-stm32.10.3-2021.10.linux64_1.0.0.202111181127/tools/bin/../lib/gcc/arm-none-eabi/10.3.1/../../../../arm-none-eabi/lib/thumb/v7-m/nofp/libc_nano.a(lib_a-nano-reallocr.o)
 .ARM.attributes
                0x000000000000056e       0x2d /opt/st/stm32cubeide_1.9.0/plugins/com.st.stm32cube.ide.mcu.externaltools.gnu-tools-for-stm32.10.3-2021.10.linux64_1.0.0.202111181127/tools/bin/../lib/gcc/arm-none-eabi/10.3.1/../../../../arm-none-eabi/lib/thumb/v7-m/nofp/libc_nano.a(lib_a-reent.o)
 .ARM.attributes
                0x000000000000059b       0x2d /opt/st/stm32cubeide_1.9.0/plugins/com.st.stm32cube.ide.mcu.externaltools.gnu-tools-for-stm32.10.3-2021.10.linux64_1.0.0.202111181127/tools/bin/../lib/gcc/arm-none-eabi/10.3.1/../../../../arm-none-eabi/lib/thumb/v7-m/nofp/libc_nano.a(lib_a-sbrkr.o)
 .ARM.attributes
                0x00000000000005c8       0x2d /opt/st/stm32cubeide_1.9.0/plugins/com.st.stm32cube.ide.mcu.externaltools.gnu-tools-for-stm32.10.3-2021.10.linux64_1.0.0.202111181127/tools/bin/../lib/gcc/arm-none-eabi/10.3.1/../../../../arm-none-eabi/lib/thumb/v7-m/nofp/libc_nano.a(lib_a-mlock.o)
 .ARM.attributes
                0x00000000000005f5       0x2d /opt/st/stm32cubeide_1.9.0/plugins/com.st.stm32cube.ide.mcu.externaltools.gnu-tools-for-stm32.10.3-2021.10.linux64_1.0.0.202111181127/tools/bin/../lib/gcc/arm-none-eabi/10.3.1/../../../../arm-none-eabi/lib/thumb/v7-m/nofp/libc_nano.a(lib_a-nano-freer.o)
 .ARM.attributes
                0x0000000000000622       0x2d /opt/st/stm32cubeide_1.9.0/plugins/com.st.stm32cube.ide.mcu.externaltools.gnu-tools-for-stm32.10.3-2021.10.linux64_1.0.0.202111181127/tools/bin/../lib/gcc/arm-none-eabi/10.3.1/../../../../arm-none-eabi/lib/thumb/v7-m/nofp/libc_nano.a(lib_a-nano-msizer.o)
 .ARM.attributes
                0x000000000000064f       0x2d /opt/st/stm32cubeide_1.9.0/plugins/com.st.stm32cube.ide.mcu.externaltools.gnu-tools-for-stm32.10.3-2021.10.linux64_1.0.0.202111181127/tools/bin/../lib/gcc/arm-none-eabi/10.3.1/../../../../arm-none-eabi/lib/thumb/v7-m/nofp/libc_nano.a(lib_a-lock.o)
 .ARM.attributes
                0x000000000000067c       0x1d /opt/st/stm32cubeide_1.9.0/plugins/com.st.stm32cube.ide.mcu.externaltools.gnu-tools-for-stm32.10.3-2021.10.linux64_1.0.0.202111181127/tools/bin/../lib/gcc/arm-none-eabi/10.3.1/thumb/v7-m/nofp/crtn.o
OUTPUT(ros_stm32.elf elf32-littlearm)
LOAD linker stubs
LOAD /opt/st/stm32cubeide_1.9.0/plugins/com.st.stm32cube.ide.mcu.externaltools.gnu-tools-for-stm32.10.3-2021.10.linux64_1.0.0.202111181127/tools/bin/../lib/gcc/arm-none-eabi/10.3.1/../../../../arm-none-eabi/lib/thumb/v7-m/nofp/libc.a
LOAD /opt/st/stm32cubeide_1.9.0/plugins/com.st.stm32cube.ide.mcu.externaltools.gnu-tools-for-stm32.10.3-2021.10.linux64_1.0.0.202111181127/tools/bin/../lib/gcc/arm-none-eabi/10.3.1/../../../../arm-none-eabi/lib/thumb/v7-m/nofp/libm.a
LOAD /opt/st/stm32cubeide_1.9.0/plugins/com.st.stm32cube.ide.mcu.externaltools.gnu-tools-for-stm32.10.3-2021.10.linux64_1.0.0.202111181127/tools/bin/../lib/gcc/arm-none-eabi/10.3.1/thumb/v7-m/nofp/libgcc.a

.debug_info     0x0000000000000000     0xd46e
 .debug_info    0x0000000000000000      0xcae ./Core/Src/main.o
 .debug_info    0x0000000000000cae     0x5295 ./Core/Src/mainpp.o
 .debug_info    0x0000000000005f43      0xa54 ./Core/Src/stm32f1xx_hal_msp.o
 .debug_info    0x0000000000006997      0x65d ./Core/Src/stm32f1xx_it.o
 .debug_info    0x0000000000006ff4      0x6e0 ./Core/Src/syscalls.o
 .debug_info    0x00000000000076d4      0x171 ./Core/Src/sysmem.o
 .debug_info    0x0000000000007845      0x23d ./Core/Src/system_stm32f1xx.o
 .debug_info    0x0000000000007a82     0x1bea ./Core/Src/time.o
 .debug_info    0x000000000000966c       0x22 ./Core/Startup/startup_stm32f103c8tx.o
 .debug_info    0x000000000000968e      0x734 ./Drivers/STM32F1xx_HAL_Driver/Src/stm32f1xx_hal.o
 .debug_info    0x0000000000009dc2      0xb20 ./Drivers/STM32F1xx_HAL_Driver/Src/stm32f1xx_hal_cortex.o
 .debug_info    0x000000000000a8e2      0x73f ./Drivers/STM32F1xx_HAL_Driver/Src/stm32f1xx_hal_dma.o
 .debug_info    0x000000000000b021      0x615 ./Drivers/STM32F1xx_HAL_Driver/Src/stm32f1xx_hal_gpio.o
 .debug_info    0x000000000000b636      0x860 ./Drivers/STM32F1xx_HAL_Driver/Src/stm32f1xx_hal_rcc.o
 .debug_info    0x000000000000be96     0x15d8 ./Drivers/STM32F1xx_HAL_Driver/Src/stm32f1xx_hal_uart.o

.debug_abbrev   0x0000000000000000     0x226d
 .debug_abbrev  0x0000000000000000      0x253 ./Core/Src/main.o
 .debug_abbrev  0x0000000000000253      0x885 ./Core/Src/mainpp.o
 .debug_abbrev  0x0000000000000ad8      0x1ef ./Core/Src/stm32f1xx_hal_msp.o
 .debug_abbrev  0x0000000000000cc7      0x15f ./Core/Src/stm32f1xx_it.o
 .debug_abbrev  0x0000000000000e26      0x1b3 ./Core/Src/syscalls.o
 .debug_abbrev  0x0000000000000fd9       0xbb ./Core/Src/sysmem.o
 .debug_abbrev  0x0000000000001094      0x13b ./Core/Src/system_stm32f1xx.o
 .debug_abbrev  0x00000000000011cf      0x2cb ./Core/Src/time.o
 .debug_abbrev  0x000000000000149a       0x12 ./Core/Startup/startup_stm32f103c8tx.o
 .debug_abbrev  0x00000000000014ac      0x1fb ./Drivers/STM32F1xx_HAL_Driver/Src/stm32f1xx_hal.o
 .debug_abbrev  0x00000000000016a7      0x2ed ./Drivers/STM32F1xx_HAL_Driver/Src/stm32f1xx_hal_cortex.o
 .debug_abbrev  0x0000000000001994      0x1fe ./Drivers/STM32F1xx_HAL_Driver/Src/stm32f1xx_hal_dma.o
 .debug_abbrev  0x0000000000001b92      0x1bb ./Drivers/STM32F1xx_HAL_Driver/Src/stm32f1xx_hal_gpio.o
 .debug_abbrev  0x0000000000001d4d      0x2a8 ./Drivers/STM32F1xx_HAL_Driver/Src/stm32f1xx_hal_rcc.o
 .debug_abbrev  0x0000000000001ff5      0x278 ./Drivers/STM32F1xx_HAL_Driver/Src/stm32f1xx_hal_uart.o

.debug_aranges  0x0000000000000000      0x990
 .debug_aranges
                0x0000000000000000       0x48 ./Core/Src/main.o
 .debug_aranges
                0x0000000000000048      0x1f8 ./Core/Src/mainpp.o
 .debug_aranges
                0x0000000000000240       0x30 ./Core/Src/stm32f1xx_hal_msp.o
 .debug_aranges
                0x0000000000000270       0x78 ./Core/Src/stm32f1xx_it.o
 .debug_aranges
                0x00000000000002e8       0xa8 ./Core/Src/syscalls.o
 .debug_aranges
                0x0000000000000390       0x20 ./Core/Src/sysmem.o
 .debug_aranges
                0x00000000000003b0       0x28 ./Core/Src/system_stm32f1xx.o
 .debug_aranges
                0x00000000000003d8       0x48 ./Core/Src/time.o
 .debug_aranges
                0x0000000000000420       0x28 ./Core/Startup/startup_stm32f103c8tx.o
 .debug_aranges
                0x0000000000000448       0xe0 ./Drivers/STM32F1xx_HAL_Driver/Src/stm32f1xx_hal.o
 .debug_aranges
                0x0000000000000528      0x100 ./Drivers/STM32F1xx_HAL_Driver/Src/stm32f1xx_hal_cortex.o
 .debug_aranges
                0x0000000000000628       0x80 ./Drivers/STM32F1xx_HAL_Driver/Src/stm32f1xx_hal_dma.o
 .debug_aranges
                0x00000000000006a8       0x58 ./Drivers/STM32F1xx_HAL_Driver/Src/stm32f1xx_hal_gpio.o
 .debug_aranges
                0x0000000000000700       0x90 ./Drivers/STM32F1xx_HAL_Driver/Src/stm32f1xx_hal_rcc.o
 .debug_aranges
                0x0000000000000790      0x200 ./Drivers/STM32F1xx_HAL_Driver/Src/stm32f1xx_hal_uart.o

.debug_ranges   0x0000000000000000      0x8f0
 .debug_ranges  0x0000000000000000       0x38 ./Core/Src/main.o
 .debug_ranges  0x0000000000000038      0x200 ./Core/Src/mainpp.o
 .debug_ranges  0x0000000000000238       0x20 ./Core/Src/stm32f1xx_hal_msp.o
 .debug_ranges  0x0000000000000258       0x68 ./Core/Src/stm32f1xx_it.o
 .debug_ranges  0x00000000000002c0       0x98 ./Core/Src/syscalls.o
 .debug_ranges  0x0000000000000358       0x10 ./Core/Src/sysmem.o
 .debug_ranges  0x0000000000000368       0x18 ./Core/Src/system_stm32f1xx.o
 .debug_ranges  0x0000000000000380       0x38 ./Core/Src/time.o
 .debug_ranges  0x00000000000003b8       0x20 ./Core/Startup/startup_stm32f103c8tx.o
 .debug_ranges  0x00000000000003d8       0xd0 ./Drivers/STM32F1xx_HAL_Driver/Src/stm32f1xx_hal.o
 .debug_ranges  0x00000000000004a8       0xf0 ./Drivers/STM32F1xx_HAL_Driver/Src/stm32f1xx_hal_cortex.o
 .debug_ranges  0x0000000000000598       0x70 ./Drivers/STM32F1xx_HAL_Driver/Src/stm32f1xx_hal_dma.o
 .debug_ranges  0x0000000000000608       0x48 ./Drivers/STM32F1xx_HAL_Driver/Src/stm32f1xx_hal_gpio.o
 .debug_ranges  0x0000000000000650       0x80 ./Drivers/STM32F1xx_HAL_Driver/Src/stm32f1xx_hal_rcc.o
 .debug_ranges  0x00000000000006d0      0x220 ./Drivers/STM32F1xx_HAL_Driver/Src/stm32f1xx_hal_uart.o

.debug_macro    0x0000000000000000    0x1877a
 .debug_macro   0x0000000000000000      0x1ac ./Core/Src/main.o
 .debug_macro   0x00000000000001ac      0x21b ./Core/Src/main.o
 .debug_macro   0x00000000000003c7       0x2e ./Core/Src/main.o
 .debug_macro   0x00000000000003f5       0x22 ./Core/Src/main.o
 .debug_macro   0x0000000000000417       0x8e ./Core/Src/main.o
 .debug_macro   0x00000000000004a5       0x51 ./Core/Src/main.o
 .debug_macro   0x00000000000004f6       0x1c ./Core/Src/main.o
 .debug_macro   0x0000000000000512       0x22 ./Core/Src/main.o
 .debug_macro   0x0000000000000534       0xbd ./Core/Src/main.o
 .debug_macro   0x00000000000005f1      0xd23 ./Core/Src/main.o
 .debug_macro   0x0000000000001314     0xe09e ./Core/Src/main.o
 .debug_macro   0x000000000000f3b2       0x6d ./Core/Src/main.o
 .debug_macro   0x000000000000f41f     0x3468 ./Core/Src/main.o
 .debug_macro   0x0000000000012887       0x5c ./Core/Src/main.o
 .debug_macro   0x00000000000128e3      0x5be ./Core/Src/main.o
 .debug_macro   0x0000000000012ea1      0x289 ./Core/Src/main.o
 .debug_macro   0x000000000001312a      0x1cb ./Core/Src/main.o
 .debug_macro   0x00000000000132f5      0x114 ./Core/Src/main.o
 .debug_macro   0x0000000000013409      0x1b2 ./Core/Src/main.o
 .debug_macro   0x00000000000135bb       0x27 ./Core/Src/main.o
 .debug_macro   0x00000000000135e2      0x136 ./Core/Src/main.o
 .debug_macro   0x0000000000013718      0x1bc ./Core/Src/main.o
 .debug_macro   0x00000000000138d4       0x34 ./Core/Src/main.o
 .debug_macro   0x0000000000013908       0x3c ./Core/Src/main.o
 .debug_macro   0x0000000000013944       0x57 ./Core/Src/main.o
 .debug_macro   0x000000000001399b       0x88 ./Core/Src/main.o
 .debug_macro   0x0000000000013a23      0x241 ./Core/Src/main.o
 .debug_macro   0x0000000000013c64      0x141 ./Core/Src/main.o
 .debug_macro   0x0000000000013da5      0x279 ./Core/Src/main.o
 .debug_macro   0x000000000001401e       0x83 ./Core/Src/main.o
 .debug_macro   0x00000000000140a1       0x10 ./Core/Src/main.o
 .debug_macro   0x00000000000140b1      0x3d9 ./Core/Src/mainpp.o
 .debug_macro   0x000000000001448a       0x52 ./Core/Src/mainpp.o
 .debug_macro   0x00000000000144dc       0x10 ./Core/Src/mainpp.o
 .debug_macro   0x00000000000144ec       0x20 ./Core/Src/mainpp.o
 .debug_macro   0x000000000001450c       0x10 ./Core/Src/mainpp.o
 .debug_macro   0x000000000001451c       0x1c ./Core/Src/mainpp.o
 .debug_macro   0x0000000000014538       0xde ./Core/Src/mainpp.o
 .debug_macro   0x0000000000014616      0x3cd ./Core/Src/mainpp.o
 .debug_macro   0x00000000000149e3       0x10 ./Core/Src/mainpp.o
 .debug_macro   0x00000000000149f3       0x56 ./Core/Src/mainpp.o
 .debug_macro   0x0000000000014a49      0x19d ./Core/Src/stm32f1xx_hal_msp.o
 .debug_macro   0x0000000000014be6      0xa6c ./Core/Src/stm32f1xx_hal_msp.o
 .debug_macro   0x0000000000015652      0xd23 ./Core/Src/stm32f1xx_hal_msp.o
 .debug_macro   0x0000000000016375      0x174 ./Core/Src/stm32f1xx_hal_msp.o
 .debug_macro   0x00000000000164e9      0x1a7 ./Core/Src/stm32f1xx_it.o
 .debug_macro   0x0000000000016690      0x24c ./Core/Src/syscalls.o
 .debug_macro   0x00000000000168dc       0x34 ./Core/Src/syscalls.o
 .debug_macro   0x0000000000016910      0x341 ./Core/Src/syscalls.o
 .debug_macro   0x0000000000016c51       0x43 ./Core/Src/syscalls.o
 .debug_macro   0x0000000000016c94       0x1c ./Core/Src/syscalls.o
 .debug_macro   0x0000000000016cb0       0x10 ./Core/Src/syscalls.o
 .debug_macro   0x0000000000016cc0       0x35 ./Core/Src/syscalls.o
 .debug_macro   0x0000000000016cf5       0x10 ./Core/Src/syscalls.o
 .debug_macro   0x0000000000016d05       0x10 ./Core/Src/syscalls.o
 .debug_macro   0x0000000000016d15       0x10 ./Core/Src/syscalls.o
 .debug_macro   0x0000000000016d25       0x1c ./Core/Src/syscalls.o
 .debug_macro   0x0000000000016d41       0x52 ./Core/Src/syscalls.o
 .debug_macro   0x0000000000016d93       0x22 ./Core/Src/syscalls.o
 .debug_macro   0x0000000000016db5       0x10 ./Core/Src/syscalls.o
 .debug_macro   0x0000000000016dc5       0x52 ./Core/Src/syscalls.o
 .debug_macro   0x0000000000016e17       0xd5 ./Core/Src/syscalls.o
 .debug_macro   0x0000000000016eec       0x1c ./Core/Src/syscalls.o
 .debug_macro   0x0000000000016f08       0x3d ./Core/Src/syscalls.o
 .debug_macro   0x0000000000016f45       0x35 ./Core/Src/syscalls.o
 .debug_macro   0x0000000000016f7a      0x12c ./Core/Src/syscalls.o
 .debug_macro   0x00000000000170a6       0x10 ./Core/Src/syscalls.o
 .debug_macro   0x00000000000170b6      0x241 ./Core/Src/syscalls.o
 .debug_macro   0x00000000000172f7       0x1c ./Core/Src/syscalls.o
 .debug_macro   0x0000000000017313       0x10 ./Core/Src/syscalls.o
 .debug_macro   0x0000000000017323       0x10 ./Core/Src/syscalls.o
 .debug_macro   0x0000000000017333       0x16 ./Core/Src/syscalls.o
 .debug_macro   0x0000000000017349      0x145 ./Core/Src/syscalls.o
 .debug_macro   0x000000000001748e      0x189 ./Core/Src/syscalls.o
 .debug_macro   0x0000000000017617       0x16 ./Core/Src/syscalls.o
 .debug_macro   0x000000000001762d       0xce ./Core/Src/syscalls.o
 .debug_macro   0x00000000000176fb       0xff ./Core/Src/sysmem.o
 .debug_macro   0x00000000000177fa      0x23b ./Core/Src/sysmem.o
 .debug_macro   0x0000000000017a35      0x18e ./Core/Src/system_stm32f1xx.o
 .debug_macro   0x0000000000017bc3      0x1c1 ./Core/Src/time.o
 .debug_macro   0x0000000000017d84      0x1b2 ./Drivers/STM32F1xx_HAL_Driver/Src/stm32f1xx_hal.o
 .debug_macro   0x0000000000017f36      0x18e ./Drivers/STM32F1xx_HAL_Driver/Src/stm32f1xx_hal_cortex.o
 .debug_macro   0x00000000000180c4      0x18e ./Drivers/STM32F1xx_HAL_Driver/Src/stm32f1xx_hal_dma.o
 .debug_macro   0x0000000000018252      0x1f9 ./Drivers/STM32F1xx_HAL_Driver/Src/stm32f1xx_hal_gpio.o
 .debug_macro   0x000000000001844b      0x1a0 ./Drivers/STM32F1xx_HAL_Driver/Src/stm32f1xx_hal_rcc.o
 .debug_macro   0x00000000000185eb      0x18f ./Drivers/STM32F1xx_HAL_Driver/Src/stm32f1xx_hal_uart.o

.debug_line     0x0000000000000000     0xa3e2
 .debug_line    0x0000000000000000      0x72d ./Core/Src/main.o
 .debug_line    0x000000000000072d     0x21a5 ./Core/Src/mainpp.o
 .debug_line    0x00000000000028d2      0x6b6 ./Core/Src/stm32f1xx_hal_msp.o
 .debug_line    0x0000000000002f88      0x723 ./Core/Src/stm32f1xx_it.o
 .debug_line    0x00000000000036ab      0x7c2 ./Core/Src/syscalls.o
 .debug_line    0x0000000000003e6d      0x4b8 ./Core/Src/sysmem.o
 .debug_line    0x0000000000004325      0x697 ./Core/Src/system_stm32f1xx.o
 .debug_line    0x00000000000049bc      0x947 ./Core/Src/time.o
 .debug_line    0x0000000000005303       0x87 ./Core/Startup/startup_stm32f103c8tx.o
 .debug_line    0x000000000000538a      0x8c4 ./Drivers/STM32F1xx_HAL_Driver/Src/stm32f1xx_hal.o
 .debug_line    0x0000000000005c4e      0xaac ./Drivers/STM32F1xx_HAL_Driver/Src/stm32f1xx_hal_cortex.o
 .debug_line    0x00000000000066fa      0xd1c ./Drivers/STM32F1xx_HAL_Driver/Src/stm32f1xx_hal_dma.o
 .debug_line    0x0000000000007416      0x95b ./Drivers/STM32F1xx_HAL_Driver/Src/stm32f1xx_hal_gpio.o
 .debug_line    0x0000000000007d71      0xcd2 ./Drivers/STM32F1xx_HAL_Driver/Src/stm32f1xx_hal_rcc.o
 .debug_line    0x0000000000008a43     0x199f ./Drivers/STM32F1xx_HAL_Driver/Src/stm32f1xx_hal_uart.o

.debug_str      0x0000000000000000    0x89058
 .debug_str     0x0000000000000000    0x7d11c ./Core/Src/main.o
                                      0x7d69a (size before relaxing)
 .debug_str     0x000000000007d11c     0x8109 ./Core/Src/mainpp.o
                                      0x852d7 (size before relaxing)
 .debug_str     0x0000000000085225      0x294 ./Core/Src/stm32f1xx_hal_msp.o
                                      0x7ce7f (size before relaxing)
 .debug_str     0x00000000000854b9      0x134 ./Core/Src/stm32f1xx_it.o
                                      0x7cb12 (size before relaxing)
 .debug_str     0x00000000000855ed     0x26d8 ./Core/Src/syscalls.o
                                       0x8a23 (size before relaxing)
 .debug_str     0x0000000000087cc5       0x6b ./Core/Src/sysmem.o
                                       0x5d5f (size before relaxing)
 .debug_str     0x0000000000087d30       0x7e ./Core/Src/system_stm32f1xx.o
                                      0x7c68a (size before relaxing)
 .debug_str     0x0000000000087dae       0x71 ./Core/Src/time.o
                                       0xa192 (size before relaxing)
 .debug_str     0x0000000000087e1f       0x36 ./Core/Startup/startup_stm32f103c8tx.o
                                         0x79 (size before relaxing)
 .debug_str     0x0000000000087e55      0x30f ./Drivers/STM32F1xx_HAL_Driver/Src/stm32f1xx_hal.o
                                      0x7cdbd (size before relaxing)
 .debug_str     0x0000000000088164      0x281 ./Drivers/STM32F1xx_HAL_Driver/Src/stm32f1xx_hal_cortex.o
                                      0x7cd09 (size before relaxing)
 .debug_str     0x00000000000883e5      0x20b ./Drivers/STM32F1xx_HAL_Driver/Src/stm32f1xx_hal_dma.o
                                      0x7ca33 (size before relaxing)
 .debug_str     0x00000000000885f0      0x2ce ./Drivers/STM32F1xx_HAL_Driver/Src/stm32f1xx_hal_gpio.o
                                      0x7ca10 (size before relaxing)
 .debug_str     0x00000000000888be      0x21e ./Drivers/STM32F1xx_HAL_Driver/Src/stm32f1xx_hal_rcc.o
                                      0x7cab9 (size before relaxing)
 .debug_str     0x0000000000088adc      0x57c ./Drivers/STM32F1xx_HAL_Driver/Src/stm32f1xx_hal_uart.o
                                      0x7d0c4 (size before relaxing)

.comment        0x0000000000000000       0x50
 .comment       0x0000000000000000       0x50 ./Core/Src/main.o
                                         0x51 (size before relaxing)
 .comment       0x0000000000000050       0x51 ./Core/Src/mainpp.o
 .comment       0x0000000000000050       0x51 ./Core/Src/stm32f1xx_hal_msp.o
 .comment       0x0000000000000050       0x51 ./Core/Src/stm32f1xx_it.o
 .comment       0x0000000000000050       0x51 ./Core/Src/syscalls.o
 .comment       0x0000000000000050       0x51 ./Core/Src/sysmem.o
 .comment       0x0000000000000050       0x51 ./Core/Src/system_stm32f1xx.o
 .comment       0x0000000000000050       0x51 ./Core/Src/time.o
 .comment       0x0000000000000050       0x51 ./Drivers/STM32F1xx_HAL_Driver/Src/stm32f1xx_hal.o
 .comment       0x0000000000000050       0x51 ./Drivers/STM32F1xx_HAL_Driver/Src/stm32f1xx_hal_cortex.o
 .comment       0x0000000000000050       0x51 ./Drivers/STM32F1xx_HAL_Driver/Src/stm32f1xx_hal_dma.o
 .comment       0x0000000000000050       0x51 ./Drivers/STM32F1xx_HAL_Driver/Src/stm32f1xx_hal_gpio.o
 .comment       0x0000000000000050       0x51 ./Drivers/STM32F1xx_HAL_Driver/Src/stm32f1xx_hal_rcc.o
 .comment       0x0000000000000050       0x51 ./Drivers/STM32F1xx_HAL_Driver/Src/stm32f1xx_hal_uart.o

.debug_frame    0x0000000000000000     0x2aa4
 .debug_frame   0x0000000000000000       0xcc ./Core/Src/main.o
 .debug_frame   0x00000000000000cc      0x8dc ./Core/Src/mainpp.o
 .debug_frame   0x00000000000009a8       0x80 ./Core/Src/stm32f1xx_hal_msp.o
 .debug_frame   0x0000000000000a28      0x158 ./Core/Src/stm32f1xx_it.o
 .debug_frame   0x0000000000000b80      0x2ac ./Core/Src/syscalls.o
 .debug_frame   0x0000000000000e2c       0x34 ./Core/Src/sysmem.o
 .debug_frame   0x0000000000000e60       0x58 ./Core/Src/system_stm32f1xx.o
 .debug_frame   0x0000000000000eb8       0xf0 ./Core/Src/time.o
 .debug_frame   0x0000000000000fa8      0x334 ./Drivers/STM32F1xx_HAL_Driver/Src/stm32f1xx_hal.o
 .debug_frame   0x00000000000012dc      0x428 ./Drivers/STM32F1xx_HAL_Driver/Src/stm32f1xx_hal_cortex.o
 .debug_frame   0x0000000000001704      0x208 ./Drivers/STM32F1xx_HAL_Driver/Src/stm32f1xx_hal_dma.o
 .debug_frame   0x000000000000190c      0x14c ./Drivers/STM32F1xx_HAL_Driver/Src/stm32f1xx_hal_gpio.o
 .debug_frame   0x0000000000001a58      0x21c ./Drivers/STM32F1xx_HAL_Driver/Src/stm32f1xx_hal_rcc.o
 .debug_frame   0x0000000000001c74      0x914 ./Drivers/STM32F1xx_HAL_Driver/Src/stm32f1xx_hal_uart.o
 .debug_frame   0x0000000000002588       0x40 /opt/st/stm32cubeide_1.9.0/plugins/com.st.stm32cube.ide.mcu.externaltools.gnu-tools-for-stm32.10.3-2021.10.linux64_1.0.0.202111181127/tools/bin/../lib/gcc/arm-none-eabi/10.3.1/../../../../arm-none-eabi/lib/thumb/v7-m/nofp/libstdc++_nano.a(pure.o)
 .debug_frame   0x00000000000025c8       0xb0 /opt/st/stm32cubeide_1.9.0/plugins/com.st.stm32cube.ide.mcu.externaltools.gnu-tools-for-stm32.10.3-2021.10.linux64_1.0.0.202111181127/tools/bin/../lib/gcc/arm-none-eabi/10.3.1/../../../../arm-none-eabi/lib/thumb/v7-m/nofp/libstdc++_nano.a(eh_terminate.o)
 .debug_frame   0x0000000000002678       0x28 /opt/st/stm32cubeide_1.9.0/plugins/com.st.stm32cube.ide.mcu.externaltools.gnu-tools-for-stm32.10.3-2021.10.linux64_1.0.0.202111181127/tools/bin/../lib/gcc/arm-none-eabi/10.3.1/../../../../arm-none-eabi/lib/thumb/v7-m/nofp/libc_nano.a(lib_a-abort.o)
 .debug_frame   0x00000000000026a0       0x20 /opt/st/stm32cubeide_1.9.0/plugins/com.st.stm32cube.ide.mcu.externaltools.gnu-tools-for-stm32.10.3-2021.10.linux64_1.0.0.202111181127/tools/bin/../lib/gcc/arm-none-eabi/10.3.1/../../../../arm-none-eabi/lib/thumb/v7-m/nofp/libc_nano.a(lib_a-errno.o)
 .debug_frame   0x00000000000026c0       0x2c /opt/st/stm32cubeide_1.9.0/plugins/com.st.stm32cube.ide.mcu.externaltools.gnu-tools-for-stm32.10.3-2021.10.linux64_1.0.0.202111181127/tools/bin/../lib/gcc/arm-none-eabi/10.3.1/../../../../arm-none-eabi/lib/thumb/v7-m/nofp/libc_nano.a(lib_a-init.o)
 .debug_frame   0x00000000000026ec       0x28 /opt/st/stm32cubeide_1.9.0/plugins/com.st.stm32cube.ide.mcu.externaltools.gnu-tools-for-stm32.10.3-2021.10.linux64_1.0.0.202111181127/tools/bin/../lib/gcc/arm-none-eabi/10.3.1/../../../../arm-none-eabi/lib/thumb/v7-m/nofp/libc_nano.a(lib_a-memcpy-stub.o)
 .debug_frame   0x0000000000002714       0x20 /opt/st/stm32cubeide_1.9.0/plugins/com.st.stm32cube.ide.mcu.externaltools.gnu-tools-for-stm32.10.3-2021.10.linux64_1.0.0.202111181127/tools/bin/../lib/gcc/arm-none-eabi/10.3.1/../../../../arm-none-eabi/lib/thumb/v7-m/nofp/libc_nano.a(lib_a-memset.o)
 .debug_frame   0x0000000000002734       0x20 /opt/st/stm32cubeide_1.9.0/plugins/com.st.stm32cube.ide.mcu.externaltools.gnu-tools-for-stm32.10.3-2021.10.linux64_1.0.0.202111181127/tools/bin/../lib/gcc/arm-none-eabi/10.3.1/../../../../arm-none-eabi/lib/thumb/v7-m/nofp/libc_nano.a(lib_a-realloc.o)
 .debug_frame   0x0000000000002754       0xcc /opt/st/stm32cubeide_1.9.0/plugins/com.st.stm32cube.ide.mcu.externaltools.gnu-tools-for-stm32.10.3-2021.10.linux64_1.0.0.202111181127/tools/bin/../lib/gcc/arm-none-eabi/10.3.1/../../../../arm-none-eabi/lib/thumb/v7-m/nofp/libc_nano.a(lib_a-signal.o)
 .debug_frame   0x0000000000002820       0x3c /opt/st/stm32cubeide_1.9.0/plugins/com.st.stm32cube.ide.mcu.externaltools.gnu-tools-for-stm32.10.3-2021.10.linux64_1.0.0.202111181127/tools/bin/../lib/gcc/arm-none-eabi/10.3.1/../../../../arm-none-eabi/lib/thumb/v7-m/nofp/libc_nano.a(lib_a-signalr.o)
 .debug_frame   0x000000000000285c       0x4c /opt/st/stm32cubeide_1.9.0/plugins/com.st.stm32cube.ide.mcu.externaltools.gnu-tools-for-stm32.10.3-2021.10.linux64_1.0.0.202111181127/tools/bin/../lib/gcc/arm-none-eabi/10.3.1/../../../../arm-none-eabi/lib/thumb/v7-m/nofp/libc_nano.a(lib_a-nano-mallocr.o)
 .debug_frame   0x00000000000028a8       0x3c /opt/st/stm32cubeide_1.9.0/plugins/com.st.stm32cube.ide.mcu.externaltools.gnu-tools-for-stm32.10.3-2021.10.linux64_1.0.0.202111181127/tools/bin/../lib/gcc/arm-none-eabi/10.3.1/../../../../arm-none-eabi/lib/thumb/v7-m/nofp/libc_nano.a(lib_a-nano-reallocr.o)
 .debug_frame   0x00000000000028e4       0x5c /opt/st/stm32cubeide_1.9.0/plugins/com.st.stm32cube.ide.mcu.externaltools.gnu-tools-for-stm32.10.3-2021.10.linux64_1.0.0.202111181127/tools/bin/../lib/gcc/arm-none-eabi/10.3.1/../../../../arm-none-eabi/lib/thumb/v7-m/nofp/libc_nano.a(lib_a-reent.o)
 .debug_frame   0x0000000000002940       0x2c /opt/st/stm32cubeide_1.9.0/plugins/com.st.stm32cube.ide.mcu.externaltools.gnu-tools-for-stm32.10.3-2021.10.linux64_1.0.0.202111181127/tools/bin/../lib/gcc/arm-none-eabi/10.3.1/../../../../arm-none-eabi/lib/thumb/v7-m/nofp/libc_nano.a(lib_a-sbrkr.o)
 .debug_frame   0x000000000000296c       0x30 /opt/st/stm32cubeide_1.9.0/plugins/com.st.stm32cube.ide.mcu.externaltools.gnu-tools-for-stm32.10.3-2021.10.linux64_1.0.0.202111181127/tools/bin/../lib/gcc/arm-none-eabi/10.3.1/../../../../arm-none-eabi/lib/thumb/v7-m/nofp/libc_nano.a(lib_a-mlock.o)
 .debug_frame   0x000000000000299c       0x38 /opt/st/stm32cubeide_1.9.0/plugins/com.st.stm32cube.ide.mcu.externaltools.gnu-tools-for-stm32.10.3-2021.10.linux64_1.0.0.202111181127/tools/bin/../lib/gcc/arm-none-eabi/10.3.1/../../../../arm-none-eabi/lib/thumb/v7-m/nofp/libc_nano.a(lib_a-nano-freer.o)
 .debug_frame   0x00000000000029d4       0x20 /opt/st/stm32cubeide_1.9.0/plugins/com.st.stm32cube.ide.mcu.externaltools.gnu-tools-for-stm32.10.3-2021.10.linux64_1.0.0.202111181127/tools/bin/../lib/gcc/arm-none-eabi/10.3.1/../../../../arm-none-eabi/lib/thumb/v7-m/nofp/libc_nano.a(lib_a-nano-msizer.o)
 .debug_frame   0x00000000000029f4       0xb0 /opt/st/stm32cubeide_1.9.0/plugins/com.st.stm32cube.ide.mcu.externaltools.gnu-tools-for-stm32.10.3-2021.10.linux64_1.0.0.202111181127/tools/bin/../lib/gcc/arm-none-eabi/10.3.1/../../../../arm-none-eabi/lib/thumb/v7-m/nofp/libc_nano.a(lib_a-lock.o)
